Archive member included to satisfy reference by file (symbol)

/usr/lib/gcc/arm-none-eabi/4.9.2/armv6-m/libgcc.a(_udivsi3.o)
                              obj/Release/Drivers/STM32F0xx_HAL_Driver/Src/stm32f0xx_hal.o (__aeabi_uidiv)
/usr/lib/gcc/arm-none-eabi/4.9.2/armv6-m/libgcc.a(_dvmd_tls.o)
                              /usr/lib/gcc/arm-none-eabi/4.9.2/armv6-m/libgcc.a(_udivsi3.o) (__aeabi_idiv0)

Allocating common symbols
Common symbol       size              file

pFlash              0x20              obj/Release/Drivers/STM32F0xx_HAL_Driver/Src/stm32f0xx_hal_flash.o

Discarded input sections

 .text          0x0000000000000000       0x14 obj/Release/Drivers/CMSIS/Device/ST/STM32F0xx/Source/Templates/gcc/startup_stm32f030x8.o
 .data          0x0000000000000000        0x0 obj/Release/Drivers/CMSIS/Device/ST/STM32F0xx/Source/Templates/gcc/startup_stm32f030x8.o
 .bss           0x0000000000000000        0x0 obj/Release/Drivers/CMSIS/Device/ST/STM32F0xx/Source/Templates/gcc/startup_stm32f030x8.o
 .debug_line    0x0000000000000000       0xa1 obj/Release/Drivers/CMSIS/Device/ST/STM32F0xx/Source/Templates/gcc/startup_stm32f030x8.o
 .debug_info    0x0000000000000000       0xa2 obj/Release/Drivers/CMSIS/Device/ST/STM32F0xx/Source/Templates/gcc/startup_stm32f030x8.o
 .debug_abbrev  0x0000000000000000       0x14 obj/Release/Drivers/CMSIS/Device/ST/STM32F0xx/Source/Templates/gcc/startup_stm32f030x8.o
 .debug_aranges
                0x0000000000000000       0x20 obj/Release/Drivers/CMSIS/Device/ST/STM32F0xx/Source/Templates/gcc/startup_stm32f030x8.o
 .text          0x0000000000000000        0x0 obj/Release/Drivers/STM32F0xx_HAL_Driver/Src/stm32f0xx_hal.o
 .data          0x0000000000000000        0x0 obj/Release/Drivers/STM32F0xx_HAL_Driver/Src/stm32f0xx_hal.o
 .bss           0x0000000000000000        0x0 obj/Release/Drivers/STM32F0xx_HAL_Driver/Src/stm32f0xx_hal.o
 .text.HAL_MspInit
                0x0000000000000000        0x4 obj/Release/Drivers/STM32F0xx_HAL_Driver/Src/stm32f0xx_hal.o
 .text.HAL_MspDeInit
                0x0000000000000000        0x4 obj/Release/Drivers/STM32F0xx_HAL_Driver/Src/stm32f0xx_hal.o
 .text.HAL_DeInit
                0x0000000000000000       0x24 obj/Release/Drivers/STM32F0xx_HAL_Driver/Src/stm32f0xx_hal.o
 .text.HAL_SuspendTick
                0x0000000000000000       0x10 obj/Release/Drivers/STM32F0xx_HAL_Driver/Src/stm32f0xx_hal.o
 .text.HAL_ResumeTick
                0x0000000000000000       0x10 obj/Release/Drivers/STM32F0xx_HAL_Driver/Src/stm32f0xx_hal.o
 .text.HAL_Delay
                0x0000000000000000       0x1c obj/Release/Drivers/STM32F0xx_HAL_Driver/Src/stm32f0xx_hal.o
 .text.HAL_GetHalVersion
                0x0000000000000000        0x8 obj/Release/Drivers/STM32F0xx_HAL_Driver/Src/stm32f0xx_hal.o
 .text.HAL_GetREVID
                0x0000000000000000        0xc obj/Release/Drivers/STM32F0xx_HAL_Driver/Src/stm32f0xx_hal.o
 .text.HAL_GetDEVID
                0x0000000000000000       0x10 obj/Release/Drivers/STM32F0xx_HAL_Driver/Src/stm32f0xx_hal.o
 .text.HAL_EnableDBGStopMode
                0x0000000000000000       0x10 obj/Release/Drivers/STM32F0xx_HAL_Driver/Src/stm32f0xx_hal.o
 .text.HAL_DisableDBGStopMode
                0x0000000000000000       0x10 obj/Release/Drivers/STM32F0xx_HAL_Driver/Src/stm32f0xx_hal.o
 .text.HAL_EnableDBGStandbyMode
                0x0000000000000000       0x10 obj/Release/Drivers/STM32F0xx_HAL_Driver/Src/stm32f0xx_hal.o
 .text.HAL_DisableDBGStandbyMode
                0x0000000000000000       0x10 obj/Release/Drivers/STM32F0xx_HAL_Driver/Src/stm32f0xx_hal.o
 .debug_info    0x0000000000000000      0x628 obj/Release/Drivers/STM32F0xx_HAL_Driver/Src/stm32f0xx_hal.o
 .debug_abbrev  0x0000000000000000      0x207 obj/Release/Drivers/STM32F0xx_HAL_Driver/Src/stm32f0xx_hal.o
 .debug_loc     0x0000000000000000       0xf6 obj/Release/Drivers/STM32F0xx_HAL_Driver/Src/stm32f0xx_hal.o
 .debug_aranges
                0x0000000000000000       0xa0 obj/Release/Drivers/STM32F0xx_HAL_Driver/Src/stm32f0xx_hal.o
 .debug_ranges  0x0000000000000000       0x90 obj/Release/Drivers/STM32F0xx_HAL_Driver/Src/stm32f0xx_hal.o
 .debug_line    0x0000000000000000      0x2e1 obj/Release/Drivers/STM32F0xx_HAL_Driver/Src/stm32f0xx_hal.o
 .debug_str     0x0000000000000000      0x57e obj/Release/Drivers/STM32F0xx_HAL_Driver/Src/stm32f0xx_hal.o
 .debug_frame   0x0000000000000000      0x144 obj/Release/Drivers/STM32F0xx_HAL_Driver/Src/stm32f0xx_hal.o
 .text          0x0000000000000000        0x0 obj/Release/Drivers/STM32F0xx_HAL_Driver/Src/stm32f0xx_hal_adc.o
 .data          0x0000000000000000        0x0 obj/Release/Drivers/STM32F0xx_HAL_Driver/Src/stm32f0xx_hal_adc.o
 .bss           0x0000000000000000        0x0 obj/Release/Drivers/STM32F0xx_HAL_Driver/Src/stm32f0xx_hal_adc.o
 .text.ADC_Disable
                0x0000000000000000       0x7c obj/Release/Drivers/STM32F0xx_HAL_Driver/Src/stm32f0xx_hal_adc.o
 .text.ADC_ConversionStop
[...]
Memory Configuration

Name             Origin             Length             Attributes
FLASH            0x0000000008000000 0x0000000000010000 xr
RAM              0x0000000020000000 0x0000000000002000 xrw
*default*        0x0000000000000000 0xffffffffffffffff

Linker script and memory map

LOAD obj/Release/Drivers/CMSIS/Device/ST/STM32F0xx/Source/Templates/gcc/startup_stm32f030x8.o
LOAD obj/Release/Drivers/STM32F0xx_HAL_Driver/Src/stm32f0xx_hal.o
LOAD obj/Release/Drivers/STM32F0xx_HAL_Driver/Src/stm32f0xx_hal_adc.o
LOAD obj/Release/Drivers/STM32F0xx_HAL_Driver/Src/stm32f0xx_hal_adc_ex.o
LOAD obj/Release/Drivers/STM32F0xx_HAL_Driver/Src/stm32f0xx_hal_can.o
LOAD obj/Release/Drivers/STM32F0xx_HAL_Driver/Src/stm32f0xx_hal_cec.o
LOAD obj/Release/Drivers/STM32F0xx_HAL_Driver/Src/stm32f0xx_hal_comp.o
LOAD obj/Release/Drivers/STM32F0xx_HAL_Driver/Src/stm32f0xx_hal_cortex.o
LOAD obj/Release/Drivers/STM32F0xx_HAL_Driver/Src/stm32f0xx_hal_crc.o
LOAD obj/Release/Drivers/STM32F0xx_HAL_Driver/Src/stm32f0xx_hal_crc_ex.o
LOAD obj/Release/Drivers/STM32F0xx_HAL_Driver/Src/stm32f0xx_hal_dac.o
LOAD obj/Release/Drivers/STM32F0xx_HAL_Driver/Src/stm32f0xx_hal_dac_ex.o
LOAD obj/Release/Drivers/STM32F0xx_HAL_Driver/Src/stm32f0xx_hal_dma.o
LOAD obj/Release/Drivers/STM32F0xx_HAL_Driver/Src/stm32f0xx_hal_flash.o
LOAD obj/Release/Drivers/STM32F0xx_HAL_Driver/Src/stm32f0xx_hal_flash_ex.o
LOAD obj/Release/Drivers/STM32F0xx_HAL_Driver/Src/stm32f0xx_hal_gpio.o
LOAD obj/Release/Drivers/STM32F0xx_HAL_Driver/Src/stm32f0xx_hal_i2c.o
LOAD obj/Release/Drivers/STM32F0xx_HAL_Driver/Src/stm32f0xx_hal_i2c_ex.o
LOAD obj/Release/Drivers/STM32F0xx_HAL_Driver/Src/stm32f0xx_hal_i2s.o
LOAD obj/Release/Drivers/STM32F0xx_HAL_Driver/Src/stm32f0xx_hal_irda.o
LOAD obj/Release/Drivers/STM32F0xx_HAL_Driver/Src/stm32f0xx_hal_iwdg.o
LOAD obj/Release/Drivers/STM32F0xx_HAL_Driver/Src/stm32f0xx_hal_pcd.o
LOAD obj/Release/Drivers/STM32F0xx_HAL_Driver/Src/stm32f0xx_hal_pcd_ex.o
LOAD obj/Release/Drivers/STM32F0xx_HAL_Driver/Src/stm32f0xx_hal_pwr.o
LOAD obj/Release/Drivers/STM32F0xx_HAL_Driver/Src/stm32f0xx_hal_pwr_ex.o
LOAD obj/Release/Drivers/STM32F0xx_HAL_Driver/Src/stm32f0xx_hal_rcc.o
LOAD obj/Release/Drivers/STM32F0xx_HAL_Driver/Src/stm32f0xx_hal_rcc_ex.o
LOAD obj/Release/Drivers/STM32F0xx_HAL_Driver/Src/stm32f0xx_hal_rtc.o
LOAD obj/Release/Drivers/STM32F0xx_HAL_Driver/Src/stm32f0xx_hal_rtc_ex.o
LOAD obj/Release/Drivers/STM32F0xx_HAL_Driver/Src/stm32f0xx_hal_smbus.o
LOAD obj/Release/Drivers/STM32F0xx_HAL_Driver/Src/stm32f0xx_hal_spi.o
LOAD obj/Release/Drivers/STM32F0xx_HAL_Driver/Src/stm32f0xx_hal_tim.o
LOAD obj/Release/Drivers/STM32F0xx_HAL_Driver/Src/stm32f0xx_hal_tim_ex.o
LOAD obj/Release/Drivers/STM32F0xx_HAL_Driver/Src/stm32f0xx_hal_tsc.o
LOAD obj/Release/Drivers/STM32F0xx_HAL_Driver/Src/stm32f0xx_hal_uart.o
LOAD obj/Release/Drivers/STM32F0xx_HAL_Driver/Src/stm32f0xx_hal_uart_ex.o
LOAD obj/Release/Drivers/STM32F0xx_HAL_Driver/Src/stm32f0xx_hal_usart.o
LOAD obj/Release/Drivers/STM32F0xx_HAL_Driver/Src/stm32f0xx_hal_wwdg.o
LOAD obj/Release/STM32/Src/main.o
LOAD obj/Release/STM32/Src/stm32f0xx_hal_msp.o
LOAD obj/Release/STM32/Src/stm32f0xx_it.o
LOAD obj/Release/STM32/Src/system_stm32f0xx.o
LOAD obj/Release/STM32/Src/vectors.o
LOAD /usr/arm-none-eabi/lib/libstdc++_nano.a
LOAD /usr/arm-none-eabi/lib/libm.a
LOAD /usr/arm-none-eabi/lib/libc_nano.a
START GROUP
LOAD /usr/lib/gcc/arm-none-eabi/4.9.2/armv6-m/libgcc.a
LOAD /usr/arm-none-eabi/lib/libc_nano.a
END GROUP
START GROUP
LOAD /usr/lib/gcc/arm-none-eabi/4.9.2/armv6-m/libgcc.a
LOAD /usr/arm-none-eabi/lib/libc_nano.a
END GROUP
                0x0000000020001fff                _estack = 0x20001fff
                0x0000000000000200                _Min_Heap_Size = 0x200
                0x0000000000000400                _Min_Stack_Size = 0x400

.isr_vector     0x0000000008000000       0xc0
                0x0000000008000000                . = ALIGN (0x4)
 *(.isr_vector)
 .isr_vector    0x0000000008000000       0xc0 obj/Release/STM32/Src/vectors.o
                0x0000000008000000                g_pfnVectors
                0x00000000080000c0                . = ALIGN (0x4)

.text           0x00000000080000c0      0xbbc
                0x00000000080000c0                . = ALIGN (0x4)
 *(.text)
 .text          0x00000000080000c0       0x9c /usr/lib/gcc/arm-none-eabi/4.9.2/armv6-m/libgcc.a(_udivsi3.o)
                0x00000000080000c0                __udivsi3
                0x00000000080000c0                __aeabi_uidiv
                0x0000000008000148                __aeabi_uidivmod
 .text          0x000000000800015c        0x4 /usr/lib/gcc/arm-none-eabi/4.9.2/armv6-m/libgcc.a(_dvmd_tls.o)
                0x000000000800015c                __aeabi_ldiv0
                0x000000000800015c                __aeabi_idiv0
 *(.text*)
 .text.Reset_Handler
                0x0000000008000160       0x4c obj/Release/Drivers/CMSIS/Device/ST/STM32F0xx/Source/Templates/gcc/startup_stm32f030x8.o
                0x0000000008000160                Reset_Handler
 .text.HAL_InitTick
                0x00000000080001ac       0x24 obj/Release/Drivers/STM32F0xx_HAL_Driver/Src/stm32f0xx_hal.o
                0x00000000080001ac                HAL_InitTick
 .text.HAL_Init
                0x00000000080001d0       0x20 obj/Release/Drivers/STM32F0xx_HAL_Driver/Src/stm32f0xx_hal.o
                0x00000000080001d0                HAL_Init
 .text.HAL_IncTick
                0x00000000080001f0       0x10 obj/Release/Drivers/STM32F0xx_HAL_Driver/Src/stm32f0xx_hal.o
                0x00000000080001f0                HAL_IncTick
 .text.HAL_GetTick
                0x0000000008000200        0xc obj/Release/Drivers/STM32F0xx_HAL_Driver/Src/stm32f0xx_hal.o
                0x0000000008000200                HAL_GetTick
 .text.HAL_NVIC_SetPriority
                0x000000000800020c       0x68 obj/Release/Drivers/STM32F0xx_HAL_Driver/Src/stm32f0xx_hal_cortex.o
                0x000000000800020c                HAL_NVIC_SetPriority
 .text.HAL_SYSTICK_Config
                0x0000000008000274       0x38 obj/Release/Drivers/STM32F0xx_HAL_Driver/Src/stm32f0xx_hal_cortex.o
                0x0000000008000274                HAL_SYSTICK_Config
 .text.HAL_GPIO_Init
                0x00000000080002ac      0x200 obj/Release/Drivers/STM32F0xx_HAL_Driver/Src/stm32f0xx_hal_gpio.o
                0x00000000080002ac                HAL_GPIO_Init
 .text.HAL_GPIO_TogglePin
                0x00000000080004ac        0x8 obj/Release/Drivers/STM32F0xx_HAL_Driver/Src/stm32f0xx_hal_gpio.o
                0x00000000080004ac                HAL_GPIO_TogglePin
 .text.HAL_RCC_GetHCLKFreq
                0x00000000080004b4       0x28 obj/Release/Drivers/STM32F0xx_HAL_Driver/Src/stm32f0xx_hal_rcc.o
                0x00000000080004b4                HAL_RCC_GetHCLKFreq
 .text.HAL_RCC_OscConfig
                0x00000000080004dc      0x404 obj/Release/Drivers/STM32F0xx_HAL_Driver/Src/stm32f0xx_hal_rcc_ex.o
                0x00000000080004dc                HAL_RCC_OscConfig
 .text.HAL_RCC_ClockConfig
                0x00000000080008e0      0x1c8 obj/Release/Drivers/STM32F0xx_HAL_Driver/Src/stm32f0xx_hal_rcc_ex.o
                0x00000000080008e0                HAL_RCC_ClockConfig
 .text.HAL_RCC_GetSysClockFreq
                0x0000000008000aa8       0x4c obj/Release/Drivers/STM32F0xx_HAL_Driver/Src/stm32f0xx_hal_rcc_ex.o
                0x0000000008000aa8                HAL_RCC_GetSysClockFreq
 .text.startup.main
                0x0000000008000af4       0x8c obj/Release/STM32/Src/main.o
                0x0000000008000af4                main
 .text.HAL_MspInit
                0x0000000008000b80        0x4 obj/Release/STM32/Src/stm32f0xx_hal_msp.o
                0x0000000008000b80                HAL_MspInit
 .text.NMI_Handler
                0x0000000008000b84        0x4 obj/Release/STM32/Src/stm32f0xx_it.o
                0x0000000008000b84                NMI_Handler
 .text.SVC_Handler
                0x0000000008000b88        0x4 obj/Release/STM32/Src/stm32f0xx_it.o
                0x0000000008000b88                SVC_Handler
 .text.PendSV_Handler
                0x0000000008000b8c        0x4 obj/Release/STM32/Src/stm32f0xx_it.o
                0x0000000008000b8c                PendSV_Handler
 .text.SysTick_Handler
                0x0000000008000b90        0x8 obj/Release/STM32/Src/stm32f0xx_it.o
                0x0000000008000b90                SysTick_Handler
 .text.SystemInit
                0x0000000008000b98       0x60 obj/Release/STM32/Src/system_stm32f0xx.o
                0x0000000008000b98                SystemInit
 .text.Default_Handler
                0x0000000008000bf8        0x4 obj/Release/STM32/Src/vectors.o
                0x0000000008000bf8                DebugMon_Handler
                0x0000000008000bf8                Default_Handler
                0x0000000008000bf8                MemManage_Handler
 .text.FaultHandler
                0x0000000008000bfc       0x1c obj/Release/STM32/Src/vectors.o
                0x0000000008000bfc                HardFault_Handler
                0x0000000008000bfc                UsageFault_Handler
                0x0000000008000bfc                FaultHandler
                0x0000000008000bfc                BusFault_Handler
 .text.HardFault_HandlerC
                0x0000000008000c18       0x64 obj/Release/STM32/Src/vectors.o
                0x0000000008000c18                HardFault_HandlerC
 *(.glue_7)
 .glue_7        0x0000000008000c7c        0x0 linker stubs
 *(.glue_7t)
 .glue_7t       0x0000000008000c7c        0x0 linker stubs
 *(.eh_frame)
 *(.init)
 *(.fini)
                0x0000000008000c7c                . = ALIGN (0x4)
                0x0000000008000c7c                _etext = .

.vfp11_veneer   0x0000000008000c7c        0x0
 .vfp11_veneer  0x0000000008000c7c        0x0 linker stubs

.v4_bx          0x0000000008000c7c        0x0
 .v4_bx         0x0000000008000c7c        0x0 linker stubs

.iplt           0x0000000008000c7c        0x0
 .iplt          0x0000000008000c7c        0x0 obj/Release/Drivers/CMSIS/Device/ST/STM32F0xx/Source/Templates/gcc/startup_stm32f030x8.o

.rodata         0x0000000008000c7c       0x30
                0x0000000008000c7c                . = ALIGN (0x4)
 *(.rodata)
 *(.rodata*)
 .rodata.APBAHBPrescTable
                0x0000000008000c7c       0x10 obj/Release/Drivers/STM32F0xx_HAL_Driver/Src/stm32f0xx_hal_rcc.o
                0x0000000008000c7c                APBAHBPrescTable
 .rodata.PredivFactorTable
                0x0000000008000c8c       0x10 obj/Release/Drivers/STM32F0xx_HAL_Driver/Src/stm32f0xx_hal_rcc_ex.o
                0x0000000008000c8c                PredivFactorTable
 .rodata.PLLMULFactorTable
                0x0000000008000c9c       0x10 obj/Release/Drivers/STM32F0xx_HAL_Driver/Src/stm32f0xx_hal_rcc_ex.o
                0x0000000008000c9c                PLLMULFactorTable
                0x0000000008000cac                . = ALIGN (0x4)

.rel.dyn        0x0000000008000cac        0x0
 .rel.iplt      0x0000000008000cac        0x0 obj/Release/Drivers/CMSIS/Device/ST/STM32F0xx/Source/Templates/gcc/startup_stm32f030x8.o

.ARM.extab
 *(.ARM.extab* .gnu.linkonce.armextab.*)

.ARM            0x0000000008000cac        0x0
                0x0000000008000cac                __exidx_start = .
 *(.ARM.exidx*)
                0x0000000008000cac                __exidx_end = .

.preinit_array  0x0000000008000cac        0x0
                0x0000000008000cac                PROVIDE (__preinit_array_start, .)
 *(.preinit_array*)
                0x0000000008000cac                PROVIDE (__preinit_array_end, .)

.init_array     0x0000000008000cac        0x0
                0x0000000008000cac                PROVIDE (__init_array_start, .)
 *(SORT(.init_array.*))
 *(.init_array*)
                0x0000000008000cac                PROVIDE (__init_array_end, .)

.fini_array     0x0000000008000cac        0x0
                0x0000000008000cac                PROVIDE (__fini_array_start, .)
 *(SORT(.fini_array.*))
 *(.fini_array*)
                0x0000000008000cac                PROVIDE (__fini_array_end, .)
                0x0000000008000cac                _sidata = LOADADDR (.data)

.data           0x0000000020000000        0x4 load address 0x0000000008000cac
                0x0000000020000000                . = ALIGN (0x4)
                0x0000000020000000                _sdata = .
 *(.data)
 *(.data*)
 .data.SystemCoreClock
                0x0000000020000000        0x4 obj/Release/STM32/Src/system_stm32f0xx.o
                0x0000000020000000                SystemCoreClock
                0x0000000020000004                . = ALIGN (0x4)
                0x0000000020000004                _edata = .

.igot.plt       0x0000000020000004        0x0 load address 0x0000000008000cb0
 .igot.plt      0x0000000020000004        0x0 obj/Release/Drivers/CMSIS/Device/ST/STM32F0xx/Source/Templates/gcc/startup_stm32f030x8.o
                0x0000000020000004                . = ALIGN (0x4)

.bss            0x0000000020000004        0x4 load address 0x0000000008000cb0
                0x0000000020000004                _sbss = .
                0x0000000020000004                __bss_start__ = _sbss
 *(.bss)
 *(.bss*)
 .bss.uwTick    0x0000000020000004        0x4 obj/Release/Drivers/STM32F0xx_HAL_Driver/Src/stm32f0xx_hal.o
 *(COMMON)
                0x0000000020000008                . = ALIGN (0x4)
                0x0000000020000008                _ebss = .
                0x0000000020000008                __bss_end__ = _ebss

._user_heap_stack
                0x0000000020000008      0x600 load address 0x0000000008000cb0
                0x0000000020000008                . = ALIGN (0x4)
                0x0000000020000008                PROVIDE (end, .)
                0x0000000020000008                PROVIDE (_end, .)
                0x0000000020000208                . = (. + _Min_Heap_Size)
 *fill*         0x0000000020000008      0x200 
                0x0000000020000608                . = (. + _Min_Stack_Size)
 *fill*         0x0000000020000208      0x400 
                0x0000000020000608                . = ALIGN (0x4)

/DISCARD/
 libc.a(*)
 libm.a(*)
 libgcc.a(*)

.ARM.attributes
                0x0000000000000000       0x2d
 *(.ARM.attributes)
 .ARM.attributes
                0x0000000000000000       0x21 obj/Release/Drivers/CMSIS/Device/ST/STM32F0xx/Source/Templates/gcc/startup_stm32f030x8.o
 .ARM.attributes
                0x0000000000000021       0x31 obj/Release/Drivers/STM32F0xx_HAL_Driver/Src/stm32f0xx_hal.o
 .ARM.attributes
                0x0000000000000052       0x31 obj/Release/Drivers/STM32F0xx_HAL_Driver/Src/stm32f0xx_hal_cortex.o
 .ARM.attributes
                0x0000000000000083       0x31 obj/Release/Drivers/STM32F0xx_HAL_Driver/Src/stm32f0xx_hal_gpio.o
 .ARM.attributes
                0x00000000000000b4       0x31 obj/Release/Drivers/STM32F0xx_HAL_Driver/Src/stm32f0xx_hal_rcc.o
 .ARM.attributes
                0x00000000000000e5       0x31 obj/Release/Drivers/STM32F0xx_HAL_Driver/Src/stm32f0xx_hal_rcc_ex.o
 .ARM.attributes
                0x0000000000000116       0x31 obj/Release/STM32/Src/main.o
 .ARM.attributes
                0x0000000000000147       0x31 obj/Release/STM32/Src/stm32f0xx_hal_msp.o
 .ARM.attributes
                0x0000000000000178       0x31 obj/Release/STM32/Src/stm32f0xx_it.o
 .ARM.attributes
                0x00000000000001a9       0x31 obj/Release/STM32/Src/system_stm32f0xx.o
 .ARM.attributes
                0x00000000000001da       0x31 obj/Release/STM32/Src/vectors.o
 .ARM.attributes
                0x000000000000020b       0x1e /usr/lib/gcc/arm-none-eabi/4.9.2/armv6-m/libgcc.a(_udivsi3.o)
 .ARM.attributes
                0x0000000000000229       0x1e /usr/lib/gcc/arm-none-eabi/4.9.2/armv6-m/libgcc.a(_dvmd_tls.o)
OUTPUT(bin/Release/STM32 elf32-littlearm)

.debug_line

.debug_info

.debug_abbrev

.debug_aranges

.debug_loc

.debug_ranges

.debug_str

.comment        0x0000000000000000       0x33
 .comment       0x0000000000000000       0x33 obj/Release/Drivers/STM32F0xx_HAL_Driver/Src/stm32f0xx_hal.o
                                         0x34 (size before relaxing)
 .comment       0x0000000000000033       0x34 obj/Release/Drivers/STM32F0xx_HAL_Driver/Src/stm32f0xx_hal_cortex.o
 .comment       0x0000000000000033       0x34 obj/Release/Drivers/STM32F0xx_HAL_Driver/Src/stm32f0xx_hal_gpio.o
 .comment       0x0000000000000033       0x34 obj/Release/Drivers/STM32F0xx_HAL_Driver/Src/stm32f0xx_hal_rcc.o
 .comment       0x0000000000000033       0x34 obj/Release/Drivers/STM32F0xx_HAL_Driver/Src/stm32f0xx_hal_rcc_ex.o
 .comment       0x0000000000000033       0x34 obj/Release/STM32/Src/main.o
 .comment       0x0000000000000033       0x34 obj/Release/STM32/Src/stm32f0xx_hal_msp.o
 .comment       0x0000000000000033       0x34 obj/Release/STM32/Src/stm32f0xx_it.o
 .comment       0x0000000000000033       0x34 obj/Release/STM32/Src/system_stm32f0xx.o
 .comment       0x0000000000000033       0x34 obj/Release/STM32/Src/vectors.o

.debug_frame

Cross Reference Table

Symbol                                            File
AHBPrescTable                                     obj/Release/STM32/Src/system_stm32f0xx.o
APBAHBPrescTable                                  obj/Release/Drivers/STM32F0xx_HAL_Driver/Src/stm32f0xx_hal_rcc.o
BusFault_Handler                                  obj/Release/STM32/Src/vectors.o
DebugMon_Handler                                  obj/Release/STM32/Src/vectors.o
Default_Handler                                   obj/Release/STM32/Src/vectors.o
FLASH_PageErase                                   obj/Release/Drivers/STM32F0xx_HAL_Driver/Src/stm32f0xx_hal_flash.o
                                                  obj/Release/Drivers/STM32F0xx_HAL_Driver/Src/stm32f0xx_hal_flash_ex.o
FLASH_WaitForLastOperation                        obj/Release/Drivers/STM32F0xx_HAL_Driver/Src/stm32f0xx_hal_flash.o
                                                  obj/Release/Drivers/STM32F0xx_HAL_Driver/Src/stm32f0xx_hal_flash_ex.o
FaultHandler                                      obj/Release/STM32/Src/vectors.o
HAL_ADCEx_Calibration_Start                       obj/Release/Drivers/STM32F0xx_HAL_Driver/Src/stm32f0xx_hal_adc_ex.o
HAL_ADC_AnalogWDGConfig                           obj/Release/Drivers/STM32F0xx_HAL_Driver/Src/stm32f0xx_hal_adc.o
HAL_ADC_ConfigChannel                             obj/Release/Drivers/STM32F0xx_HAL_Driver/Src/stm32f0xx_hal_adc.o
HAL_ADC_ConvCpltCallback                          obj/Release/Drivers/STM32F0xx_HAL_Driver/Src/stm32f0xx_hal_adc.o
HAL_ADC_ConvHalfCpltCallback                      obj/Release/Drivers/STM32F0xx_HAL_Driver/Src/stm32f0xx_hal_adc.o
HAL_ADC_DeInit                                    obj/Release/Drivers/STM32F0xx_HAL_Driver/Src/stm32f0xx_hal_adc.o
HAL_ADC_ErrorCallback                             obj/Release/Drivers/STM32F0xx_HAL_Driver/Src/stm32f0xx_hal_adc.o
HAL_ADC_GetError                                  obj/Release/Drivers/STM32F0xx_HAL_Driver/Src/stm32f0xx_hal_adc.o
HAL_ADC_GetState                                  obj/Release/Drivers/STM32F0xx_HAL_Driver/Src/stm32f0xx_hal_adc.o
HAL_ADC_GetValue                                  obj/Release/Drivers/STM32F0xx_HAL_Driver/Src/stm32f0xx_hal_adc.o
HAL_ADC_IRQHandler                                obj/Release/Drivers/STM32F0xx_HAL_Driver/Src/stm32f0xx_hal_adc.o
HAL_ADC_Init                                      obj/Release/Drivers/STM32F0xx_HAL_Driver/Src/stm32f0xx_hal_adc.o
HAL_ADC_LevelOutOfWindowCallback                  obj/Release/Drivers/STM32F0xx_HAL_Driver/Src/stm32f0xx_hal_adc.o
HAL_ADC_MspDeInit                                 obj/Release/Drivers/STM32F0xx_HAL_Driver/Src/stm32f0xx_hal_adc.o
HAL_ADC_MspInit                                   obj/Release/Drivers/STM32F0xx_HAL_Driver/Src/stm32f0xx_hal_adc.o
HAL_ADC_PollForConversion                         obj/Release/Drivers/STM32F0xx_HAL_Driver/Src/stm32f0xx_hal_adc.o
HAL_ADC_PollForEvent                              obj/Release/Drivers/STM32F0xx_HAL_Driver/Src/stm32f0xx_hal_adc.o
HAL_ADC_Start                                     obj/Release/Drivers/STM32F0xx_HAL_Driver/Src/stm32f0xx_hal_adc.o
HAL_ADC_Start_DMA                                 obj/Release/Drivers/STM32F0xx_HAL_Driver/Src/stm32f0xx_hal_adc.o
HAL_ADC_Start_IT                                  obj/Release/Drivers/STM32F0xx_HAL_Driver/Src/stm32f0xx_hal_adc.o
HAL_ADC_Stop                                      obj/Release/Drivers/STM32F0xx_HAL_Driver/Src/stm32f0xx_hal_adc.o
HAL_ADC_Stop_DMA                                  obj/Release/Drivers/STM32F0xx_HAL_Driver/Src/stm32f0xx_hal_adc.o
HAL_ADC_Stop_IT                                   obj/Release/Drivers/STM32F0xx_HAL_Driver/Src/stm32f0xx_hal_adc.o
HAL_CRCEx_Init                                    obj/Release/Drivers/STM32F0xx_HAL_Driver/Src/stm32f0xx_hal_crc_ex.o
                                                  obj/Release/Drivers/STM32F0xx_HAL_Driver/Src/stm32f0xx_hal_crc.o
HAL_CRCEx_Input_Data_Reverse                      obj/Release/Drivers/STM32F0xx_HAL_Driver/Src/stm32f0xx_hal_crc_ex.o
HAL_CRCEx_Output_Data_Reverse                     obj/Release/Drivers/STM32F0xx_HAL_Driver/Src/stm32f0xx_hal_crc_ex.o
HAL_CRC_Accumulate                                obj/Release/Drivers/STM32F0xx_HAL_Driver/Src/stm32f0xx_hal_crc.o
HAL_CRC_Calculate                                 obj/Release/Drivers/STM32F0xx_HAL_Driver/Src/stm32f0xx_hal_crc.o
HAL_CRC_DeInit                                    obj/Release/Drivers/STM32F0xx_HAL_Driver/Src/stm32f0xx_hal_crc.o
HAL_CRC_GetState                                  obj/Release/Drivers/STM32F0xx_HAL_Driver/Src/stm32f0xx_hal_crc.o
HAL_CRC_Init                                      obj/Release/Drivers/STM32F0xx_HAL_Driver/Src/stm32f0xx_hal_crc.o
HAL_CRC_MspDeInit                                 obj/Release/Drivers/STM32F0xx_HAL_Driver/Src/stm32f0xx_hal_crc.o
HAL_CRC_MspInit                                   obj/Release/Drivers/STM32F0xx_HAL_Driver/Src/stm32f0xx_hal_crc.o
HAL_DMA_Abort                                     obj/Release/Drivers/STM32F0xx_HAL_Driver/Src/stm32f0xx_hal_dma.o
                                                  obj/Release/Drivers/STM32F0xx_HAL_Driver/Src/stm32f0xx_hal_usart.o
                                                  obj/Release/Drivers/STM32F0xx_HAL_Driver/Src/stm32f0xx_hal_uart.o
                                                  obj/Release/Drivers/STM32F0xx_HAL_Driver/Src/stm32f0xx_hal_tim.o
                                                  obj/Release/Drivers/STM32F0xx_HAL_Driver/Src/stm32f0xx_hal_spi.o
                                                  obj/Release/Drivers/STM32F0xx_HAL_Driver/Src/stm32f0xx_hal_adc.o
HAL_DMA_DeInit                                    obj/Release/Drivers/STM32F0xx_HAL_Driver/Src/stm32f0xx_hal_dma.o
HAL_DMA_GetError                                  obj/Release/Drivers/STM32F0xx_HAL_Driver/Src/stm32f0xx_hal_dma.o
HAL_DMA_GetState                                  obj/Release/Drivers/STM32F0xx_HAL_Driver/Src/stm32f0xx_hal_dma.o
HAL_DMA_IRQHandler                                obj/Release/Drivers/STM32F0xx_HAL_Driver/Src/stm32f0xx_hal_dma.o
HAL_DMA_Init                                      obj/Release/Drivers/STM32F0xx_HAL_Driver/Src/stm32f0xx_hal_dma.o
HAL_DMA_PollForTransfer                           obj/Release/Drivers/STM32F0xx_HAL_Driver/Src/stm32f0xx_hal_dma.o
HAL_DMA_Start                                     obj/Release/Drivers/STM32F0xx_HAL_Driver/Src/stm32f0xx_hal_dma.o
HAL_DMA_Start_IT                                  obj/Release/Drivers/STM32F0xx_HAL_Driver/Src/stm32f0xx_hal_dma.o
                                                  obj/Release/Drivers/STM32F0xx_HAL_Driver/Src/stm32f0xx_hal_usart.o
                                                  obj/Release/Drivers/STM32F0xx_HAL_Driver/Src/stm32f0xx_hal_uart.o
                                                  obj/Release/Drivers/STM32F0xx_HAL_Driver/Src/stm32f0xx_hal_tim_ex.o
                                                  obj/Release/Drivers/STM32F0xx_HAL_Driver/Src/stm32f0xx_hal_tim.o
                                                  obj/Release/Drivers/STM32F0xx_HAL_Driver/Src/stm32f0xx_hal_spi.o
                                                  obj/Release/Drivers/STM32F0xx_HAL_Driver/Src/stm32f0xx_hal_i2c.o
                                                  obj/Release/Drivers/STM32F0xx_HAL_Driver/Src/stm32f0xx_hal_adc.o
HAL_DeInit                                        obj/Release/Drivers/STM32F0xx_HAL_Driver/Src/stm32f0xx_hal.o
HAL_Delay                                         obj/Release/Drivers/STM32F0xx_HAL_Driver/Src/stm32f0xx_hal.o
HAL_DisableDBGStandbyMode                         obj/Release/Drivers/STM32F0xx_HAL_Driver/Src/stm32f0xx_hal.o
HAL_DisableDBGStopMode                            obj/Release/Drivers/STM32F0xx_HAL_Driver/Src/stm32f0xx_hal.o
HAL_EnableDBGStandbyMode                          obj/Release/Drivers/STM32F0xx_HAL_Driver/Src/stm32f0xx_hal.o
HAL_EnableDBGStopMode                             obj/Release/Drivers/STM32F0xx_HAL_Driver/Src/stm32f0xx_hal.o
HAL_FLASHEx_Erase                                 obj/Release/Drivers/STM32F0xx_HAL_Driver/Src/stm32f0xx_hal_flash_ex.o
HAL_FLASHEx_Erase_IT                              obj/Release/Drivers/STM32F0xx_HAL_Driver/Src/stm32f0xx_hal_flash_ex.o
HAL_FLASHEx_OBErase                               obj/Release/Drivers/STM32F0xx_HAL_Driver/Src/stm32f0xx_hal_flash_ex.o
HAL_FLASHEx_OBGetConfig                           obj/Release/Drivers/STM32F0xx_HAL_Driver/Src/stm32f0xx_hal_flash_ex.o
HAL_FLASHEx_OBProgram                             obj/Release/Drivers/STM32F0xx_HAL_Driver/Src/stm32f0xx_hal_flash_ex.o
HAL_FLASH_EndOfOperationCallback                  obj/Release/Drivers/STM32F0xx_HAL_Driver/Src/stm32f0xx_hal_flash.o
HAL_FLASH_GetError                                obj/Release/Drivers/STM32F0xx_HAL_Driver/Src/stm32f0xx_hal_flash.o
HAL_FLASH_IRQHandler                              obj/Release/Drivers/STM32F0xx_HAL_Driver/Src/stm32f0xx_hal_flash.o
HAL_FLASH_Lock                                    obj/Release/Drivers/STM32F0xx_HAL_Driver/Src/stm32f0xx_hal_flash.o
HAL_FLASH_OB_Launch                               obj/Release/Drivers/STM32F0xx_HAL_Driver/Src/stm32f0xx_hal_flash.o
HAL_FLASH_OB_Lock                                 obj/Release/Drivers/STM32F0xx_HAL_Driver/Src/stm32f0xx_hal_flash.o
HAL_FLASH_OB_Unlock                               obj/Release/Drivers/STM32F0xx_HAL_Driver/Src/stm32f0xx_hal_flash.o
HAL_FLASH_OperationErrorCallback                  obj/Release/Drivers/STM32F0xx_HAL_Driver/Src/stm32f0xx_hal_flash.o
HAL_FLASH_Program                                 obj/Release/Drivers/STM32F0xx_HAL_Driver/Src/stm32f0xx_hal_flash.o
HAL_FLASH_Program_IT                              obj/Release/Drivers/STM32F0xx_HAL_Driver/Src/stm32f0xx_hal_flash.o
HAL_FLASH_Unlock                                  obj/Release/Drivers/STM32F0xx_HAL_Driver/Src/stm32f0xx_hal_flash.o
HAL_GPIO_DeInit                                   obj/Release/Drivers/STM32F0xx_HAL_Driver/Src/stm32f0xx_hal_gpio.o
HAL_GPIO_EXTI_Callback                            obj/Release/Drivers/STM32F0xx_HAL_Driver/Src/stm32f0xx_hal_gpio.o
HAL_GPIO_EXTI_IRQHandler                          obj/Release/Drivers/STM32F0xx_HAL_Driver/Src/stm32f0xx_hal_gpio.o
HAL_GPIO_Init                                     obj/Release/Drivers/STM32F0xx_HAL_Driver/Src/stm32f0xx_hal_gpio.o
                                                  obj/Release/STM32/Src/main.o
                                                  obj/Release/Drivers/STM32F0xx_HAL_Driver/Src/stm32f0xx_hal_rcc.o
HAL_GPIO_LockPin                                  obj/Release/Drivers/STM32F0xx_HAL_Driver/Src/stm32f0xx_hal_gpio.o
HAL_GPIO_ReadPin                                  obj/Release/Drivers/STM32F0xx_HAL_Driver/Src/stm32f0xx_hal_gpio.o
HAL_GPIO_TogglePin                                obj/Release/Drivers/STM32F0xx_HAL_Driver/Src/stm32f0xx_hal_gpio.o
                                                  obj/Release/STM32/Src/main.o
HAL_GPIO_WritePin                                 obj/Release/Drivers/STM32F0xx_HAL_Driver/Src/stm32f0xx_hal_gpio.o
HAL_GetDEVID                                      obj/Release/Drivers/STM32F0xx_HAL_Driver/Src/stm32f0xx_hal.o
HAL_GetHalVersion                                 obj/Release/Drivers/STM32F0xx_HAL_Driver/Src/stm32f0xx_hal.o
HAL_GetREVID                                      obj/Release/Drivers/STM32F0xx_HAL_Driver/Src/stm32f0xx_hal.o
HAL_GetTick                                       obj/Release/Drivers/STM32F0xx_HAL_Driver/Src/stm32f0xx_hal.o
                                                  obj/Release/Drivers/STM32F0xx_HAL_Driver/Src/stm32f0xx_hal_usart.o
                                                  obj/Release/Drivers/STM32F0xx_HAL_Driver/Src/stm32f0xx_hal_uart.o
                                                  obj/Release/Drivers/STM32F0xx_HAL_Driver/Src/stm32f0xx_hal_spi.o
                                                  obj/Release/Drivers/STM32F0xx_HAL_Driver/Src/stm32f0xx_hal_smbus.o
                                                  obj/Release/Drivers/STM32F0xx_HAL_Driver/Src/stm32f0xx_hal_rtc_ex.o
                                                  obj/Release/Drivers/STM32F0xx_HAL_Driver/Src/stm32f0xx_hal_rtc.o
                                                  obj/Release/Drivers/STM32F0xx_HAL_Driver/Src/stm32f0xx_hal_rcc_ex.o
                                                  obj/Release/Drivers/STM32F0xx_HAL_Driver/Src/stm32f0xx_hal_iwdg.o
                                                  obj/Release/Drivers/STM32F0xx_HAL_Driver/Src/stm32f0xx_hal_i2c.o
                                                  obj/Release/Drivers/STM32F0xx_HAL_Driver/Src/stm32f0xx_hal_flash.o
                                                  obj/Release/Drivers/STM32F0xx_HAL_Driver/Src/stm32f0xx_hal_dma.o
                                                  obj/Release/Drivers/STM32F0xx_HAL_Driver/Src/stm32f0xx_hal_adc_ex.o
                                                  obj/Release/Drivers/STM32F0xx_HAL_Driver/Src/stm32f0xx_hal_adc.o
HAL_HalfDuplex_EnableReceiver                     obj/Release/Drivers/STM32F0xx_HAL_Driver/Src/stm32f0xx_hal_uart.o
HAL_HalfDuplex_EnableTransmitter                  obj/Release/Drivers/STM32F0xx_HAL_Driver/Src/stm32f0xx_hal_uart.o
HAL_HalfDuplex_Init                               obj/Release/Drivers/STM32F0xx_HAL_Driver/Src/stm32f0xx_hal_uart.o
HAL_I2CEx_AnalogFilter_Config                     obj/Release/Drivers/STM32F0xx_HAL_Driver/Src/stm32f0xx_hal_i2c_ex.o
HAL_I2CEx_DigitalFilter_Config                    obj/Release/Drivers/STM32F0xx_HAL_Driver/Src/stm32f0xx_hal_i2c_ex.o
HAL_I2C_DeInit                                    obj/Release/Drivers/STM32F0xx_HAL_Driver/Src/stm32f0xx_hal_i2c.o
HAL_I2C_ER_IRQHandler                             obj/Release/Drivers/STM32F0xx_HAL_Driver/Src/stm32f0xx_hal_i2c.o
HAL_I2C_EV_IRQHandler                             obj/Release/Drivers/STM32F0xx_HAL_Driver/Src/stm32f0xx_hal_i2c.o
HAL_I2C_ErrorCallback                             obj/Release/Drivers/STM32F0xx_HAL_Driver/Src/stm32f0xx_hal_i2c.o
HAL_I2C_GetError                                  obj/Release/Drivers/STM32F0xx_HAL_Driver/Src/stm32f0xx_hal_i2c.o
HAL_I2C_GetState                                  obj/Release/Drivers/STM32F0xx_HAL_Driver/Src/stm32f0xx_hal_i2c.o
HAL_I2C_Init                                      obj/Release/Drivers/STM32F0xx_HAL_Driver/Src/stm32f0xx_hal_i2c.o
HAL_I2C_IsDeviceReady                             obj/Release/Drivers/STM32F0xx_HAL_Driver/Src/stm32f0xx_hal_i2c.o
HAL_I2C_MasterRxCpltCallback                      obj/Release/Drivers/STM32F0xx_HAL_Driver/Src/stm32f0xx_hal_i2c.o
HAL_I2C_MasterTxCpltCallback                      obj/Release/Drivers/STM32F0xx_HAL_Driver/Src/stm32f0xx_hal_i2c.o
HAL_I2C_Master_Receive                            obj/Release/Drivers/STM32F0xx_HAL_Driver/Src/stm32f0xx_hal_i2c.o
HAL_I2C_Master_Receive_DMA                        obj/Release/Drivers/STM32F0xx_HAL_Driver/Src/stm32f0xx_hal_i2c.o
HAL_I2C_Master_Receive_IT                         obj/Release/Drivers/STM32F0xx_HAL_Driver/Src/stm32f0xx_hal_i2c.o
HAL_I2C_Master_Transmit                           obj/Release/Drivers/STM32F0xx_HAL_Driver/Src/stm32f0xx_hal_i2c.o
HAL_I2C_Master_Transmit_DMA                       obj/Release/Drivers/STM32F0xx_HAL_Driver/Src/stm32f0xx_hal_i2c.o
HAL_I2C_Master_Transmit_IT                        obj/Release/Drivers/STM32F0xx_HAL_Driver/Src/stm32f0xx_hal_i2c.o
HAL_I2C_MemRxCpltCallback                         obj/Release/Drivers/STM32F0xx_HAL_Driver/Src/stm32f0xx_hal_i2c.o
HAL_I2C_MemTxCpltCallback                         obj/Release/Drivers/STM32F0xx_HAL_Driver/Src/stm32f0xx_hal_i2c.o
HAL_I2C_Mem_Read                                  obj/Release/Drivers/STM32F0xx_HAL_Driver/Src/stm32f0xx_hal_i2c.o
HAL_I2C_Mem_Read_DMA                              obj/Release/Drivers/STM32F0xx_HAL_Driver/Src/stm32f0xx_hal_i2c.o
HAL_I2C_Mem_Read_IT                               obj/Release/Drivers/STM32F0xx_HAL_Driver/Src/stm32f0xx_hal_i2c.o
HAL_I2C_Mem_Write                                 obj/Release/Drivers/STM32F0xx_HAL_Driver/Src/stm32f0xx_hal_i2c.o
HAL_I2C_Mem_Write_DMA                             obj/Release/Drivers/STM32F0xx_HAL_Driver/Src/stm32f0xx_hal_i2c.o
HAL_I2C_Mem_Write_IT                              obj/Release/Drivers/STM32F0xx_HAL_Driver/Src/stm32f0xx_hal_i2c.o
HAL_I2C_MspDeInit                                 obj/Release/Drivers/STM32F0xx_HAL_Driver/Src/stm32f0xx_hal_i2c.o
HAL_I2C_MspInit                                   obj/Release/Drivers/STM32F0xx_HAL_Driver/Src/stm32f0xx_hal_i2c.o
HAL_I2C_SlaveRxCpltCallback                       obj/Release/Drivers/STM32F0xx_HAL_Driver/Src/stm32f0xx_hal_i2c.o
HAL_I2C_SlaveTxCpltCallback                       obj/Release/Drivers/STM32F0xx_HAL_Driver/Src/stm32f0xx_hal_i2c.o
HAL_I2C_Slave_Receive                             obj/Release/Drivers/STM32F0xx_HAL_Driver/Src/stm32f0xx_hal_i2c.o
HAL_I2C_Slave_Receive_DMA                         obj/Release/Drivers/STM32F0xx_HAL_Driver/Src/stm32f0xx_hal_i2c.o
HAL_I2C_Slave_Receive_IT                          obj/Release/Drivers/STM32F0xx_HAL_Driver/Src/stm32f0xx_hal_i2c.o
HAL_I2C_Slave_Transmit                            obj/Release/Drivers/STM32F0xx_HAL_Driver/Src/stm32f0xx_hal_i2c.o
HAL_I2C_Slave_Transmit_DMA                        obj/Release/Drivers/STM32F0xx_HAL_Driver/Src/stm32f0xx_hal_i2c.o
HAL_I2C_Slave_Transmit_IT                         obj/Release/Drivers/STM32F0xx_HAL_Driver/Src/stm32f0xx_hal_i2c.o
HAL_IWDG_GetState                                 obj/Release/Drivers/STM32F0xx_HAL_Driver/Src/stm32f0xx_hal_iwdg.o
HAL_IWDG_Init                                     obj/Release/Drivers/STM32F0xx_HAL_Driver/Src/stm32f0xx_hal_iwdg.o
HAL_IWDG_MspInit                                  obj/Release/Drivers/STM32F0xx_HAL_Driver/Src/stm32f0xx_hal_iwdg.o
HAL_IWDG_Refresh                                  obj/Release/Drivers/STM32F0xx_HAL_Driver/Src/stm32f0xx_hal_iwdg.o
HAL_IWDG_Start                                    obj/Release/Drivers/STM32F0xx_HAL_Driver/Src/stm32f0xx_hal_iwdg.o
HAL_IncTick                                       obj/Release/Drivers/STM32F0xx_HAL_Driver/Src/stm32f0xx_hal.o
                                                  obj/Release/STM32/Src/stm32f0xx_it.o
HAL_Init                                          obj/Release/Drivers/STM32F0xx_HAL_Driver/Src/stm32f0xx_hal.o
                                                  obj/Release/STM32/Src/main.o
HAL_InitTick                                      obj/Release/Drivers/STM32F0xx_HAL_Driver/Src/stm32f0xx_hal.o
                                                  obj/Release/Drivers/STM32F0xx_HAL_Driver/Src/stm32f0xx_hal_rcc_ex.o
HAL_MspDeInit                                     obj/Release/STM32/Src/stm32f0xx_hal_msp.o
                                                  obj/Release/Drivers/STM32F0xx_HAL_Driver/Src/stm32f0xx_hal.o
HAL_MspInit                                       obj/Release/STM32/Src/stm32f0xx_hal_msp.o
                                                  obj/Release/Drivers/STM32F0xx_HAL_Driver/Src/stm32f0xx_hal.o
HAL_MultiProcessorEx_AddressLength_Set            obj/Release/Drivers/STM32F0xx_HAL_Driver/Src/stm32f0xx_hal_uart_ex.o
HAL_MultiProcessor_DisableMuteMode                obj/Release/Drivers/STM32F0xx_HAL_Driver/Src/stm32f0xx_hal_uart.o
HAL_MultiProcessor_EnableMuteMode                 obj/Release/Drivers/STM32F0xx_HAL_Driver/Src/stm32f0xx_hal_uart.o
HAL_MultiProcessor_EnterMuteMode                  obj/Release/Drivers/STM32F0xx_HAL_Driver/Src/stm32f0xx_hal_uart.o
HAL_MultiProcessor_Init                           obj/Release/Drivers/STM32F0xx_HAL_Driver/Src/stm32f0xx_hal_uart.o
HAL_NVIC_ClearPendingIRQ                          obj/Release/Drivers/STM32F0xx_HAL_Driver/Src/stm32f0xx_hal_cortex.o
HAL_NVIC_DisableIRQ                               obj/Release/Drivers/STM32F0xx_HAL_Driver/Src/stm32f0xx_hal_cortex.o
HAL_NVIC_EnableIRQ                                obj/Release/Drivers/STM32F0xx_HAL_Driver/Src/stm32f0xx_hal_cortex.o
HAL_NVIC_GetPendingIRQ                            obj/Release/Drivers/STM32F0xx_HAL_Driver/Src/stm32f0xx_hal_cortex.o
HAL_NVIC_GetPriority                              obj/Release/Drivers/STM32F0xx_HAL_Driver/Src/stm32f0xx_hal_cortex.o
HAL_NVIC_SetPendingIRQ                            obj/Release/Drivers/STM32F0xx_HAL_Driver/Src/stm32f0xx_hal_cortex.o
HAL_NVIC_SetPriority                              obj/Release/Drivers/STM32F0xx_HAL_Driver/Src/stm32f0xx_hal_cortex.o
                                                  obj/Release/Drivers/STM32F0xx_HAL_Driver/Src/stm32f0xx_hal.o
HAL_NVIC_SystemReset                              obj/Release/Drivers/STM32F0xx_HAL_Driver/Src/stm32f0xx_hal_cortex.o
HAL_PWR_DeInit                                    obj/Release/Drivers/STM32F0xx_HAL_Driver/Src/stm32f0xx_hal_pwr.o
HAL_PWR_DisableBkUpAccess                         obj/Release/Drivers/STM32F0xx_HAL_Driver/Src/stm32f0xx_hal_pwr.o
HAL_PWR_DisableSEVOnPend                          obj/Release/Drivers/STM32F0xx_HAL_Driver/Src/stm32f0xx_hal_pwr.o
HAL_PWR_DisableSleepOnExit                        obj/Release/Drivers/STM32F0xx_HAL_Driver/Src/stm32f0xx_hal_pwr.o
HAL_PWR_DisableWakeUpPin                          obj/Release/Drivers/STM32F0xx_HAL_Driver/Src/stm32f0xx_hal_pwr.o
HAL_PWR_EnableBkUpAccess                          obj/Release/Drivers/STM32F0xx_HAL_Driver/Src/stm32f0xx_hal_pwr.o
HAL_PWR_EnableSEVOnPend                           obj/Release/Drivers/STM32F0xx_HAL_Driver/Src/stm32f0xx_hal_pwr.o
HAL_PWR_EnableSleepOnExit                         obj/Release/Drivers/STM32F0xx_HAL_Driver/Src/stm32f0xx_hal_pwr.o
HAL_PWR_EnableWakeUpPin                           obj/Release/Drivers/STM32F0xx_HAL_Driver/Src/stm32f0xx_hal_pwr.o
HAL_PWR_EnterSLEEPMode                            obj/Release/Drivers/STM32F0xx_HAL_Driver/Src/stm32f0xx_hal_pwr.o
HAL_PWR_EnterSTANDBYMode                          obj/Release/Drivers/STM32F0xx_HAL_Driver/Src/stm32f0xx_hal_pwr.o
HAL_PWR_EnterSTOPMode                             obj/Release/Drivers/STM32F0xx_HAL_Driver/Src/stm32f0xx_hal_pwr.o
HAL_RCCEx_GetPeriphCLKConfig                      obj/Release/Drivers/STM32F0xx_HAL_Driver/Src/stm32f0xx_hal_rcc_ex.o
HAL_RCCEx_PeriphCLKConfig                         obj/Release/Drivers/STM32F0xx_HAL_Driver/Src/stm32f0xx_hal_rcc_ex.o
HAL_RCC_CCSCallback                               obj/Release/Drivers/STM32F0xx_HAL_Driver/Src/stm32f0xx_hal_rcc.o
HAL_RCC_ClockConfig                               obj/Release/Drivers/STM32F0xx_HAL_Driver/Src/stm32f0xx_hal_rcc_ex.o
                                                  obj/Release/Drivers/STM32F0xx_HAL_Driver/Src/stm32f0xx_hal_rcc.o
                                                  obj/Release/STM32/Src/main.o
HAL_RCC_DeInit                                    obj/Release/Drivers/STM32F0xx_HAL_Driver/Src/stm32f0xx_hal_rcc.o
HAL_RCC_DisableCSS                                obj/Release/Drivers/STM32F0xx_HAL_Driver/Src/stm32f0xx_hal_rcc.o
HAL_RCC_EnableCSS                                 obj/Release/Drivers/STM32F0xx_HAL_Driver/Src/stm32f0xx_hal_rcc.o
HAL_RCC_GetClockConfig                            obj/Release/Drivers/STM32F0xx_HAL_Driver/Src/stm32f0xx_hal_rcc.o
HAL_RCC_GetHCLKFreq                               obj/Release/Drivers/STM32F0xx_HAL_Driver/Src/stm32f0xx_hal_rcc.o
                                                  obj/Release/Drivers/STM32F0xx_HAL_Driver/Src/stm32f0xx_hal.o
HAL_RCC_GetOscConfig                              obj/Release/Drivers/STM32F0xx_HAL_Driver/Src/stm32f0xx_hal_rcc.o
HAL_RCC_GetPCLK1Freq                              obj/Release/Drivers/STM32F0xx_HAL_Driver/Src/stm32f0xx_hal_rcc.o
                                                  obj/Release/Drivers/STM32F0xx_HAL_Driver/Src/stm32f0xx_hal_usart.o
                                                  obj/Release/Drivers/STM32F0xx_HAL_Driver/Src/stm32f0xx_hal_uart.o
HAL_RCC_GetSysClockFreq                           obj/Release/Drivers/STM32F0xx_HAL_Driver/Src/stm32f0xx_hal_rcc_ex.o
                                                  obj/Release/Drivers/STM32F0xx_HAL_Driver/Src/stm32f0xx_hal_rcc.o
                                                  obj/Release/Drivers/STM32F0xx_HAL_Driver/Src/stm32f0xx_hal_usart.o
                                                  obj/Release/Drivers/STM32F0xx_HAL_Driver/Src/stm32f0xx_hal_uart.o
HAL_RCC_MCOConfig                                 obj/Release/Drivers/STM32F0xx_HAL_Driver/Src/stm32f0xx_hal_rcc.o
HAL_RCC_NMI_IRQHandler                            obj/Release/Drivers/STM32F0xx_HAL_Driver/Src/stm32f0xx_hal_rcc.o
HAL_RCC_OscConfig                                 obj/Release/Drivers/STM32F0xx_HAL_Driver/Src/stm32f0xx_hal_rcc_ex.o
                                                  obj/Release/Drivers/STM32F0xx_HAL_Driver/Src/stm32f0xx_hal_rcc.o
                                                  obj/Release/STM32/Src/main.o
HAL_RTCEx_DeactivateCalibrationOutPut             obj/Release/Drivers/STM32F0xx_HAL_Driver/Src/stm32f0xx_hal_rtc_ex.o
HAL_RTCEx_DeactivateRefClock                      obj/Release/Drivers/STM32F0xx_HAL_Driver/Src/stm32f0xx_hal_rtc_ex.o
HAL_RTCEx_DeactivateTamper                        obj/Release/Drivers/STM32F0xx_HAL_Driver/Src/stm32f0xx_hal_rtc_ex.o
HAL_RTCEx_DeactivateTimeStamp                     obj/Release/Drivers/STM32F0xx_HAL_Driver/Src/stm32f0xx_hal_rtc_ex.o
HAL_RTCEx_DisableBypassShadow                     obj/Release/Drivers/STM32F0xx_HAL_Driver/Src/stm32f0xx_hal_rtc_ex.o
HAL_RTCEx_EnableBypassShadow                      obj/Release/Drivers/STM32F0xx_HAL_Driver/Src/stm32f0xx_hal_rtc_ex.o
HAL_RTCEx_GetTimeStamp                            obj/Release/Drivers/STM32F0xx_HAL_Driver/Src/stm32f0xx_hal_rtc_ex.o
HAL_RTCEx_PollForTamper1Event                     obj/Release/Drivers/STM32F0xx_HAL_Driver/Src/stm32f0xx_hal_rtc_ex.o
HAL_RTCEx_PollForTamper2Event                     obj/Release/Drivers/STM32F0xx_HAL_Driver/Src/stm32f0xx_hal_rtc_ex.o
HAL_RTCEx_PollForTimeStampEvent                   obj/Release/Drivers/STM32F0xx_HAL_Driver/Src/stm32f0xx_hal_rtc_ex.o
HAL_RTCEx_SetCalibrationOutPut                    obj/Release/Drivers/STM32F0xx_HAL_Driver/Src/stm32f0xx_hal_rtc_ex.o
HAL_RTCEx_SetRefClock                             obj/Release/Drivers/STM32F0xx_HAL_Driver/Src/stm32f0xx_hal_rtc_ex.o
HAL_RTCEx_SetSmoothCalib                          obj/Release/Drivers/STM32F0xx_HAL_Driver/Src/stm32f0xx_hal_rtc_ex.o
HAL_RTCEx_SetSynchroShift                         obj/Release/Drivers/STM32F0xx_HAL_Driver/Src/stm32f0xx_hal_rtc_ex.o
HAL_RTCEx_SetTamper                               obj/Release/Drivers/STM32F0xx_HAL_Driver/Src/stm32f0xx_hal_rtc_ex.o
HAL_RTCEx_SetTamper_IT                            obj/Release/Drivers/STM32F0xx_HAL_Driver/Src/stm32f0xx_hal_rtc_ex.o
HAL_RTCEx_SetTimeStamp                            obj/Release/Drivers/STM32F0xx_HAL_Driver/Src/stm32f0xx_hal_rtc_ex.o
HAL_RTCEx_SetTimeStamp_IT                         obj/Release/Drivers/STM32F0xx_HAL_Driver/Src/stm32f0xx_hal_rtc_ex.o
HAL_RTCEx_Tamper1EventCallback                    obj/Release/Drivers/STM32F0xx_HAL_Driver/Src/stm32f0xx_hal_rtc_ex.o
HAL_RTCEx_Tamper2EventCallback                    obj/Release/Drivers/STM32F0xx_HAL_Driver/Src/stm32f0xx_hal_rtc_ex.o
HAL_RTCEx_TamperTimeStampIRQHandler               obj/Release/Drivers/STM32F0xx_HAL_Driver/Src/stm32f0xx_hal_rtc_ex.o
HAL_RTCEx_TimeStampEventCallback                  obj/Release/Drivers/STM32F0xx_HAL_Driver/Src/stm32f0xx_hal_rtc_ex.o
HAL_RTC_AlarmAEventCallback                       obj/Release/Drivers/STM32F0xx_HAL_Driver/Src/stm32f0xx_hal_rtc.o
HAL_RTC_AlarmIRQHandler                           obj/Release/Drivers/STM32F0xx_HAL_Driver/Src/stm32f0xx_hal_rtc.o
HAL_RTC_DeInit                                    obj/Release/Drivers/STM32F0xx_HAL_Driver/Src/stm32f0xx_hal_rtc.o
HAL_RTC_DeactivateAlarm                           obj/Release/Drivers/STM32F0xx_HAL_Driver/Src/stm32f0xx_hal_rtc.o
HAL_RTC_GetAlarm                                  obj/Release/Drivers/STM32F0xx_HAL_Driver/Src/stm32f0xx_hal_rtc.o
HAL_RTC_GetDate                                   obj/Release/Drivers/STM32F0xx_HAL_Driver/Src/stm32f0xx_hal_rtc.o
HAL_RTC_GetState                                  obj/Release/Drivers/STM32F0xx_HAL_Driver/Src/stm32f0xx_hal_rtc.o
HAL_RTC_GetTime                                   obj/Release/Drivers/STM32F0xx_HAL_Driver/Src/stm32f0xx_hal_rtc.o
HAL_RTC_Init                                      obj/Release/Drivers/STM32F0xx_HAL_Driver/Src/stm32f0xx_hal_rtc.o
HAL_RTC_MspDeInit                                 obj/Release/Drivers/STM32F0xx_HAL_Driver/Src/stm32f0xx_hal_rtc.o
HAL_RTC_MspInit                                   obj/Release/Drivers/STM32F0xx_HAL_Driver/Src/stm32f0xx_hal_rtc.o
HAL_RTC_PollForAlarmAEvent                        obj/Release/Drivers/STM32F0xx_HAL_Driver/Src/stm32f0xx_hal_rtc.o
HAL_RTC_SetAlarm                                  obj/Release/Drivers/STM32F0xx_HAL_Driver/Src/stm32f0xx_hal_rtc.o
HAL_RTC_SetAlarm_IT                               obj/Release/Drivers/STM32F0xx_HAL_Driver/Src/stm32f0xx_hal_rtc.o
HAL_RTC_SetDate                                   obj/Release/Drivers/STM32F0xx_HAL_Driver/Src/stm32f0xx_hal_rtc.o
HAL_RTC_SetTime                                   obj/Release/Drivers/STM32F0xx_HAL_Driver/Src/stm32f0xx_hal_rtc.o
HAL_RTC_WaitForSynchro                            obj/Release/Drivers/STM32F0xx_HAL_Driver/Src/stm32f0xx_hal_rtc.o
                                                  obj/Release/Drivers/STM32F0xx_HAL_Driver/Src/stm32f0xx_hal_rtc_ex.o
HAL_ResumeTick                                    obj/Release/Drivers/STM32F0xx_HAL_Driver/Src/stm32f0xx_hal.o
HAL_SMBUS_DeInit                                  obj/Release/Drivers/STM32F0xx_HAL_Driver/Src/stm32f0xx_hal_smbus.o
HAL_SMBUS_DisableAlert_IT                         obj/Release/Drivers/STM32F0xx_HAL_Driver/Src/stm32f0xx_hal_smbus.o
HAL_SMBUS_DisableListen_IT                        obj/Release/Drivers/STM32F0xx_HAL_Driver/Src/stm32f0xx_hal_smbus.o
HAL_SMBUS_ER_IRQHandler                           obj/Release/Drivers/STM32F0xx_HAL_Driver/Src/stm32f0xx_hal_smbus.o
HAL_SMBUS_EV_IRQHandler                           obj/Release/Drivers/STM32F0xx_HAL_Driver/Src/stm32f0xx_hal_smbus.o
HAL_SMBUS_EnableAlert_IT                          obj/Release/Drivers/STM32F0xx_HAL_Driver/Src/stm32f0xx_hal_smbus.o
HAL_SMBUS_ErrorCallback                           obj/Release/Drivers/STM32F0xx_HAL_Driver/Src/stm32f0xx_hal_smbus.o
HAL_SMBUS_GetError                                obj/Release/Drivers/STM32F0xx_HAL_Driver/Src/stm32f0xx_hal_smbus.o
HAL_SMBUS_GetState                                obj/Release/Drivers/STM32F0xx_HAL_Driver/Src/stm32f0xx_hal_smbus.o
HAL_SMBUS_Init                                    obj/Release/Drivers/STM32F0xx_HAL_Driver/Src/stm32f0xx_hal_smbus.o
HAL_SMBUS_IsDeviceReady                           obj/Release/Drivers/STM32F0xx_HAL_Driver/Src/stm32f0xx_hal_smbus.o
HAL_SMBUS_MasterRxCpltCallback                    obj/Release/Drivers/STM32F0xx_HAL_Driver/Src/stm32f0xx_hal_smbus.o
HAL_SMBUS_MasterTxCpltCallback                    obj/Release/Drivers/STM32F0xx_HAL_Driver/Src/stm32f0xx_hal_smbus.o
HAL_SMBUS_Master_Abort_IT                         obj/Release/Drivers/STM32F0xx_HAL_Driver/Src/stm32f0xx_hal_smbus.o
HAL_SMBUS_Master_Receive_IT                       obj/Release/Drivers/STM32F0xx_HAL_Driver/Src/stm32f0xx_hal_smbus.o
HAL_SMBUS_Master_Transmit_IT                      obj/Release/Drivers/STM32F0xx_HAL_Driver/Src/stm32f0xx_hal_smbus.o
HAL_SMBUS_MspDeInit                               obj/Release/Drivers/STM32F0xx_HAL_Driver/Src/stm32f0xx_hal_smbus.o
HAL_SMBUS_MspInit                                 obj/Release/Drivers/STM32F0xx_HAL_Driver/Src/stm32f0xx_hal_smbus.o
HAL_SMBUS_SlaveAddrCallback                       obj/Release/Drivers/STM32F0xx_HAL_Driver/Src/stm32f0xx_hal_smbus.o
HAL_SMBUS_SlaveListenCpltCallback                 obj/Release/Drivers/STM32F0xx_HAL_Driver/Src/stm32f0xx_hal_smbus.o
HAL_SMBUS_SlaveRxCpltCallback                     obj/Release/Drivers/STM32F0xx_HAL_Driver/Src/stm32f0xx_hal_smbus.o
HAL_SMBUS_SlaveTxCpltCallback                     obj/Release/Drivers/STM32F0xx_HAL_Driver/Src/stm32f0xx_hal_smbus.o
HAL_SMBUS_Slave_Listen_IT                         obj/Release/Drivers/STM32F0xx_HAL_Driver/Src/stm32f0xx_hal_smbus.o
HAL_SMBUS_Slave_Receive_IT                        obj/Release/Drivers/STM32F0xx_HAL_Driver/Src/stm32f0xx_hal_smbus.o
HAL_SMBUS_Slave_Transmit_IT                       obj/Release/Drivers/STM32F0xx_HAL_Driver/Src/stm32f0xx_hal_smbus.o
HAL_SPI_DMAPause                                  obj/Release/Drivers/STM32F0xx_HAL_Driver/Src/stm32f0xx_hal_spi.o
HAL_SPI_DMAResume                                 obj/Release/Drivers/STM32F0xx_HAL_Driver/Src/stm32f0xx_hal_spi.o
HAL_SPI_DMAStop                                   obj/Release/Drivers/STM32F0xx_HAL_Driver/Src/stm32f0xx_hal_spi.o
HAL_SPI_DeInit                                    obj/Release/Drivers/STM32F0xx_HAL_Driver/Src/stm32f0xx_hal_spi.o
HAL_SPI_ErrorCallback                             obj/Release/Drivers/STM32F0xx_HAL_Driver/Src/stm32f0xx_hal_spi.o
HAL_SPI_FlushRxFifo                               obj/Release/Drivers/STM32F0xx_HAL_Driver/Src/stm32f0xx_hal_spi.o
HAL_SPI_GetError                                  obj/Release/Drivers/STM32F0xx_HAL_Driver/Src/stm32f0xx_hal_spi.o
HAL_SPI_GetState                                  obj/Release/Drivers/STM32F0xx_HAL_Driver/Src/stm32f0xx_hal_spi.o
HAL_SPI_IRQHandler                                obj/Release/Drivers/STM32F0xx_HAL_Driver/Src/stm32f0xx_hal_spi.o
HAL_SPI_Init                                      obj/Release/Drivers/STM32F0xx_HAL_Driver/Src/stm32f0xx_hal_spi.o
HAL_SPI_MspDeInit                                 obj/Release/Drivers/STM32F0xx_HAL_Driver/Src/stm32f0xx_hal_spi.o
HAL_SPI_MspInit                                   obj/Release/Drivers/STM32F0xx_HAL_Driver/Src/stm32f0xx_hal_spi.o
HAL_SPI_Receive                                   obj/Release/Drivers/STM32F0xx_HAL_Driver/Src/stm32f0xx_hal_spi.o
HAL_SPI_Receive_DMA                               obj/Release/Drivers/STM32F0xx_HAL_Driver/Src/stm32f0xx_hal_spi.o
HAL_SPI_Receive_IT                                obj/Release/Drivers/STM32F0xx_HAL_Driver/Src/stm32f0xx_hal_spi.o
HAL_SPI_RxCpltCallback                            obj/Release/Drivers/STM32F0xx_HAL_Driver/Src/stm32f0xx_hal_spi.o
HAL_SPI_RxHalfCpltCallback                        obj/Release/Drivers/STM32F0xx_HAL_Driver/Src/stm32f0xx_hal_spi.o
HAL_SPI_Transmit                                  obj/Release/Drivers/STM32F0xx_HAL_Driver/Src/stm32f0xx_hal_spi.o
HAL_SPI_TransmitReceive                           obj/Release/Drivers/STM32F0xx_HAL_Driver/Src/stm32f0xx_hal_spi.o
HAL_SPI_TransmitReceive_DMA                       obj/Release/Drivers/STM32F0xx_HAL_Driver/Src/stm32f0xx_hal_spi.o
HAL_SPI_TransmitReceive_IT                        obj/Release/Drivers/STM32F0xx_HAL_Driver/Src/stm32f0xx_hal_spi.o
HAL_SPI_Transmit_DMA                              obj/Release/Drivers/STM32F0xx_HAL_Driver/Src/stm32f0xx_hal_spi.o
HAL_SPI_Transmit_IT                               obj/Release/Drivers/STM32F0xx_HAL_Driver/Src/stm32f0xx_hal_spi.o
HAL_SPI_TxCpltCallback                            obj/Release/Drivers/STM32F0xx_HAL_Driver/Src/stm32f0xx_hal_spi.o
HAL_SPI_TxHalfCpltCallback                        obj/Release/Drivers/STM32F0xx_HAL_Driver/Src/stm32f0xx_hal_spi.o
HAL_SPI_TxRxCpltCallback                          obj/Release/Drivers/STM32F0xx_HAL_Driver/Src/stm32f0xx_hal_spi.o
HAL_SPI_TxRxHalfCpltCallback                      obj/Release/Drivers/STM32F0xx_HAL_Driver/Src/stm32f0xx_hal_spi.o
HAL_SYSTICK_CLKSourceConfig                       obj/Release/Drivers/STM32F0xx_HAL_Driver/Src/stm32f0xx_hal_cortex.o
HAL_SYSTICK_Callback                              obj/Release/Drivers/STM32F0xx_HAL_Driver/Src/stm32f0xx_hal_cortex.o
HAL_SYSTICK_Config                                obj/Release/Drivers/STM32F0xx_HAL_Driver/Src/stm32f0xx_hal_cortex.o
                                                  obj/Release/Drivers/STM32F0xx_HAL_Driver/Src/stm32f0xx_hal.o
HAL_SYSTICK_IRQHandler                            obj/Release/Drivers/STM32F0xx_HAL_Driver/Src/stm32f0xx_hal_cortex.o
HAL_SuspendTick                                   obj/Release/Drivers/STM32F0xx_HAL_Driver/Src/stm32f0xx_hal.o
HAL_TIMEx_BreakCallback                           obj/Release/Drivers/STM32F0xx_HAL_Driver/Src/stm32f0xx_hal_tim_ex.o
                                                  obj/Release/Drivers/STM32F0xx_HAL_Driver/Src/stm32f0xx_hal_tim.o
HAL_TIMEx_CommutationCallback                     obj/Release/Drivers/STM32F0xx_HAL_Driver/Src/stm32f0xx_hal_tim_ex.o
                                                  obj/Release/Drivers/STM32F0xx_HAL_Driver/Src/stm32f0xx_hal_tim.o
HAL_TIMEx_ConfigBreakDeadTime                     obj/Release/Drivers/STM32F0xx_HAL_Driver/Src/stm32f0xx_hal_tim_ex.o
HAL_TIMEx_ConfigCommutationEvent                  obj/Release/Drivers/STM32F0xx_HAL_Driver/Src/stm32f0xx_hal_tim_ex.o
HAL_TIMEx_ConfigCommutationEvent_DMA              obj/Release/Drivers/STM32F0xx_HAL_Driver/Src/stm32f0xx_hal_tim_ex.o
HAL_TIMEx_ConfigCommutationEvent_IT               obj/Release/Drivers/STM32F0xx_HAL_Driver/Src/stm32f0xx_hal_tim_ex.o
HAL_TIMEx_DMACommutationCplt                      obj/Release/Drivers/STM32F0xx_HAL_Driver/Src/stm32f0xx_hal_tim_ex.o
                                                  obj/Release/Drivers/STM32F0xx_HAL_Driver/Src/stm32f0xx_hal_tim.o
HAL_TIMEx_HallSensor_DeInit                       obj/Release/Drivers/STM32F0xx_HAL_Driver/Src/stm32f0xx_hal_tim_ex.o
HAL_TIMEx_HallSensor_GetState                     obj/Release/Drivers/STM32F0xx_HAL_Driver/Src/stm32f0xx_hal_tim_ex.o
HAL_TIMEx_HallSensor_Init                         obj/Release/Drivers/STM32F0xx_HAL_Driver/Src/stm32f0xx_hal_tim_ex.o
HAL_TIMEx_HallSensor_MspDeInit                    obj/Release/Drivers/STM32F0xx_HAL_Driver/Src/stm32f0xx_hal_tim_ex.o
HAL_TIMEx_HallSensor_MspInit                      obj/Release/Drivers/STM32F0xx_HAL_Driver/Src/stm32f0xx_hal_tim_ex.o
HAL_TIMEx_HallSensor_Start                        obj/Release/Drivers/STM32F0xx_HAL_Driver/Src/stm32f0xx_hal_tim_ex.o
HAL_TIMEx_HallSensor_Start_DMA                    obj/Release/Drivers/STM32F0xx_HAL_Driver/Src/stm32f0xx_hal_tim_ex.o
HAL_TIMEx_HallSensor_Start_IT                     obj/Release/Drivers/STM32F0xx_HAL_Driver/Src/stm32f0xx_hal_tim_ex.o
HAL_TIMEx_HallSensor_Stop                         obj/Release/Drivers/STM32F0xx_HAL_Driver/Src/stm32f0xx_hal_tim_ex.o
HAL_TIMEx_HallSensor_Stop_DMA                     obj/Release/Drivers/STM32F0xx_HAL_Driver/Src/stm32f0xx_hal_tim_ex.o
HAL_TIMEx_HallSensor_Stop_IT                      obj/Release/Drivers/STM32F0xx_HAL_Driver/Src/stm32f0xx_hal_tim_ex.o
HAL_TIMEx_MasterConfigSynchronization             obj/Release/Drivers/STM32F0xx_HAL_Driver/Src/stm32f0xx_hal_tim_ex.o
HAL_TIMEx_OCN_Start                               obj/Release/Drivers/STM32F0xx_HAL_Driver/Src/stm32f0xx_hal_tim_ex.o
HAL_TIMEx_OCN_Start_DMA                           obj/Release/Drivers/STM32F0xx_HAL_Driver/Src/stm32f0xx_hal_tim_ex.o
HAL_TIMEx_OCN_Start_IT                            obj/Release/Drivers/STM32F0xx_HAL_Driver/Src/stm32f0xx_hal_tim_ex.o
HAL_TIMEx_OCN_Stop                                obj/Release/Drivers/STM32F0xx_HAL_Driver/Src/stm32f0xx_hal_tim_ex.o
HAL_TIMEx_OCN_Stop_DMA                            obj/Release/Drivers/STM32F0xx_HAL_Driver/Src/stm32f0xx_hal_tim_ex.o
HAL_TIMEx_OCN_Stop_IT                             obj/Release/Drivers/STM32F0xx_HAL_Driver/Src/stm32f0xx_hal_tim_ex.o
HAL_TIMEx_OnePulseN_Start                         obj/Release/Drivers/STM32F0xx_HAL_Driver/Src/stm32f0xx_hal_tim_ex.o
HAL_TIMEx_OnePulseN_Start_IT                      obj/Release/Drivers/STM32F0xx_HAL_Driver/Src/stm32f0xx_hal_tim_ex.o
HAL_TIMEx_OnePulseN_Stop                          obj/Release/Drivers/STM32F0xx_HAL_Driver/Src/stm32f0xx_hal_tim_ex.o
HAL_TIMEx_OnePulseN_Stop_IT                       obj/Release/Drivers/STM32F0xx_HAL_Driver/Src/stm32f0xx_hal_tim_ex.o
HAL_TIMEx_PWMN_Start                              obj/Release/Drivers/STM32F0xx_HAL_Driver/Src/stm32f0xx_hal_tim_ex.o
HAL_TIMEx_PWMN_Start_DMA                          obj/Release/Drivers/STM32F0xx_HAL_Driver/Src/stm32f0xx_hal_tim_ex.o
HAL_TIMEx_PWMN_Start_IT                           obj/Release/Drivers/STM32F0xx_HAL_Driver/Src/stm32f0xx_hal_tim_ex.o
HAL_TIMEx_PWMN_Stop                               obj/Release/Drivers/STM32F0xx_HAL_Driver/Src/stm32f0xx_hal_tim_ex.o
HAL_TIMEx_PWMN_Stop_DMA                           obj/Release/Drivers/STM32F0xx_HAL_Driver/Src/stm32f0xx_hal_tim_ex.o
HAL_TIMEx_PWMN_Stop_IT                            obj/Release/Drivers/STM32F0xx_HAL_Driver/Src/stm32f0xx_hal_tim_ex.o
HAL_TIMEx_RemapConfig                             obj/Release/Drivers/STM32F0xx_HAL_Driver/Src/stm32f0xx_hal_tim_ex.o
HAL_TIM_Base_DeInit                               obj/Release/Drivers/STM32F0xx_HAL_Driver/Src/stm32f0xx_hal_tim.o
HAL_TIM_Base_GetState                             obj/Release/Drivers/STM32F0xx_HAL_Driver/Src/stm32f0xx_hal_tim.o
HAL_TIM_Base_Init                                 obj/Release/Drivers/STM32F0xx_HAL_Driver/Src/stm32f0xx_hal_tim.o
HAL_TIM_Base_MspDeInit                            obj/Release/Drivers/STM32F0xx_HAL_Driver/Src/stm32f0xx_hal_tim.o
HAL_TIM_Base_MspInit                              obj/Release/Drivers/STM32F0xx_HAL_Driver/Src/stm32f0xx_hal_tim.o
HAL_TIM_Base_Start                                obj/Release/Drivers/STM32F0xx_HAL_Driver/Src/stm32f0xx_hal_tim.o
HAL_TIM_Base_Start_DMA                            obj/Release/Drivers/STM32F0xx_HAL_Driver/Src/stm32f0xx_hal_tim.o
HAL_TIM_Base_Start_IT                             obj/Release/Drivers/STM32F0xx_HAL_Driver/Src/stm32f0xx_hal_tim.o
HAL_TIM_Base_Stop                                 obj/Release/Drivers/STM32F0xx_HAL_Driver/Src/stm32f0xx_hal_tim.o
HAL_TIM_Base_Stop_DMA                             obj/Release/Drivers/STM32F0xx_HAL_Driver/Src/stm32f0xx_hal_tim.o
HAL_TIM_Base_Stop_IT                              obj/Release/Drivers/STM32F0xx_HAL_Driver/Src/stm32f0xx_hal_tim.o
HAL_TIM_ConfigClockSource                         obj/Release/Drivers/STM32F0xx_HAL_Driver/Src/stm32f0xx_hal_tim.o
HAL_TIM_ConfigOCrefClear                          obj/Release/Drivers/STM32F0xx_HAL_Driver/Src/stm32f0xx_hal_tim.o
HAL_TIM_ConfigTI1Input                            obj/Release/Drivers/STM32F0xx_HAL_Driver/Src/stm32f0xx_hal_tim.o
HAL_TIM_DMABurst_ReadStart                        obj/Release/Drivers/STM32F0xx_HAL_Driver/Src/stm32f0xx_hal_tim.o
HAL_TIM_DMABurst_ReadStop                         obj/Release/Drivers/STM32F0xx_HAL_Driver/Src/stm32f0xx_hal_tim.o
HAL_TIM_DMABurst_WriteStart                       obj/Release/Drivers/STM32F0xx_HAL_Driver/Src/stm32f0xx_hal_tim.o
HAL_TIM_DMABurst_WriteStop                        obj/Release/Drivers/STM32F0xx_HAL_Driver/Src/stm32f0xx_hal_tim.o
HAL_TIM_DMACaptureCplt                            obj/Release/Drivers/STM32F0xx_HAL_Driver/Src/stm32f0xx_hal_tim.o
                                                  obj/Release/Drivers/STM32F0xx_HAL_Driver/Src/stm32f0xx_hal_tim_ex.o
HAL_TIM_DMADelayPulseCplt                         obj/Release/Drivers/STM32F0xx_HAL_Driver/Src/stm32f0xx_hal_tim.o
                                                  obj/Release/Drivers/STM32F0xx_HAL_Driver/Src/stm32f0xx_hal_tim_ex.o
HAL_TIM_DMAError                                  obj/Release/Drivers/STM32F0xx_HAL_Driver/Src/stm32f0xx_hal_tim.o
                                                  obj/Release/Drivers/STM32F0xx_HAL_Driver/Src/stm32f0xx_hal_tim_ex.o
HAL_TIM_Encoder_DeInit                            obj/Release/Drivers/STM32F0xx_HAL_Driver/Src/stm32f0xx_hal_tim.o
HAL_TIM_Encoder_GetState                          obj/Release/Drivers/STM32F0xx_HAL_Driver/Src/stm32f0xx_hal_tim.o
HAL_TIM_Encoder_Init                              obj/Release/Drivers/STM32F0xx_HAL_Driver/Src/stm32f0xx_hal_tim.o
HAL_TIM_Encoder_MspDeInit                         obj/Release/Drivers/STM32F0xx_HAL_Driver/Src/stm32f0xx_hal_tim.o
HAL_TIM_Encoder_MspInit                           obj/Release/Drivers/STM32F0xx_HAL_Driver/Src/stm32f0xx_hal_tim.o
HAL_TIM_Encoder_Start                             obj/Release/Drivers/STM32F0xx_HAL_Driver/Src/stm32f0xx_hal_tim.o
HAL_TIM_Encoder_Start_DMA                         obj/Release/Drivers/STM32F0xx_HAL_Driver/Src/stm32f0xx_hal_tim.o
HAL_TIM_Encoder_Start_IT                          obj/Release/Drivers/STM32F0xx_HAL_Driver/Src/stm32f0xx_hal_tim.o
HAL_TIM_Encoder_Stop                              obj/Release/Drivers/STM32F0xx_HAL_Driver/Src/stm32f0xx_hal_tim.o
HAL_TIM_Encoder_Stop_DMA                          obj/Release/Drivers/STM32F0xx_HAL_Driver/Src/stm32f0xx_hal_tim.o
HAL_TIM_Encoder_Stop_IT                           obj/Release/Drivers/STM32F0xx_HAL_Driver/Src/stm32f0xx_hal_tim.o
HAL_TIM_ErrorCallback                             obj/Release/Drivers/STM32F0xx_HAL_Driver/Src/stm32f0xx_hal_tim.o
HAL_TIM_GenerateEvent                             obj/Release/Drivers/STM32F0xx_HAL_Driver/Src/stm32f0xx_hal_tim.o
HAL_TIM_IC_CaptureCallback                        obj/Release/Drivers/STM32F0xx_HAL_Driver/Src/stm32f0xx_hal_tim.o
HAL_TIM_IC_ConfigChannel                          obj/Release/Drivers/STM32F0xx_HAL_Driver/Src/stm32f0xx_hal_tim.o
HAL_TIM_IC_DeInit                                 obj/Release/Drivers/STM32F0xx_HAL_Driver/Src/stm32f0xx_hal_tim.o
HAL_TIM_IC_GetState                               obj/Release/Drivers/STM32F0xx_HAL_Driver/Src/stm32f0xx_hal_tim.o
HAL_TIM_IC_Init                                   obj/Release/Drivers/STM32F0xx_HAL_Driver/Src/stm32f0xx_hal_tim.o
HAL_TIM_IC_MspDeInit                              obj/Release/Drivers/STM32F0xx_HAL_Driver/Src/stm32f0xx_hal_tim.o
HAL_TIM_IC_MspInit                                obj/Release/Drivers/STM32F0xx_HAL_Driver/Src/stm32f0xx_hal_tim.o
HAL_TIM_IC_Start                                  obj/Release/Drivers/STM32F0xx_HAL_Driver/Src/stm32f0xx_hal_tim.o
HAL_TIM_IC_Start_DMA                              obj/Release/Drivers/STM32F0xx_HAL_Driver/Src/stm32f0xx_hal_tim.o
HAL_TIM_IC_Start_IT                               obj/Release/Drivers/STM32F0xx_HAL_Driver/Src/stm32f0xx_hal_tim.o
HAL_TIM_IC_Stop                                   obj/Release/Drivers/STM32F0xx_HAL_Driver/Src/stm32f0xx_hal_tim.o
HAL_TIM_IC_Stop_DMA                               obj/Release/Drivers/STM32F0xx_HAL_Driver/Src/stm32f0xx_hal_tim.o
HAL_TIM_IC_Stop_IT                                obj/Release/Drivers/STM32F0xx_HAL_Driver/Src/stm32f0xx_hal_tim.o
HAL_TIM_IRQHandler                                obj/Release/Drivers/STM32F0xx_HAL_Driver/Src/stm32f0xx_hal_tim.o
HAL_TIM_OC_ConfigChannel                          obj/Release/Drivers/STM32F0xx_HAL_Driver/Src/stm32f0xx_hal_tim.o
HAL_TIM_OC_DeInit                                 obj/Release/Drivers/STM32F0xx_HAL_Driver/Src/stm32f0xx_hal_tim.o
HAL_TIM_OC_DelayElapsedCallback                   obj/Release/Drivers/STM32F0xx_HAL_Driver/Src/stm32f0xx_hal_tim.o
HAL_TIM_OC_GetState                               obj/Release/Drivers/STM32F0xx_HAL_Driver/Src/stm32f0xx_hal_tim.o
HAL_TIM_OC_Init                                   obj/Release/Drivers/STM32F0xx_HAL_Driver/Src/stm32f0xx_hal_tim.o
HAL_TIM_OC_MspDeInit                              obj/Release/Drivers/STM32F0xx_HAL_Driver/Src/stm32f0xx_hal_tim.o
HAL_TIM_OC_MspInit                                obj/Release/Drivers/STM32F0xx_HAL_Driver/Src/stm32f0xx_hal_tim.o
HAL_TIM_OC_Start                                  obj/Release/Drivers/STM32F0xx_HAL_Driver/Src/stm32f0xx_hal_tim.o
HAL_TIM_OC_Start_DMA                              obj/Release/Drivers/STM32F0xx_HAL_Driver/Src/stm32f0xx_hal_tim.o
HAL_TIM_OC_Start_IT                               obj/Release/Drivers/STM32F0xx_HAL_Driver/Src/stm32f0xx_hal_tim.o
HAL_TIM_OC_Stop                                   obj/Release/Drivers/STM32F0xx_HAL_Driver/Src/stm32f0xx_hal_tim.o
HAL_TIM_OC_Stop_DMA                               obj/Release/Drivers/STM32F0xx_HAL_Driver/Src/stm32f0xx_hal_tim.o
HAL_TIM_OC_Stop_IT                                obj/Release/Drivers/STM32F0xx_HAL_Driver/Src/stm32f0xx_hal_tim.o
HAL_TIM_OnePulse_ConfigChannel                    obj/Release/Drivers/STM32F0xx_HAL_Driver/Src/stm32f0xx_hal_tim.o
HAL_TIM_OnePulse_DeInit                           obj/Release/Drivers/STM32F0xx_HAL_Driver/Src/stm32f0xx_hal_tim.o
HAL_TIM_OnePulse_GetState                         obj/Release/Drivers/STM32F0xx_HAL_Driver/Src/stm32f0xx_hal_tim.o
HAL_TIM_OnePulse_Init                             obj/Release/Drivers/STM32F0xx_HAL_Driver/Src/stm32f0xx_hal_tim.o
HAL_TIM_OnePulse_MspDeInit                        obj/Release/Drivers/STM32F0xx_HAL_Driver/Src/stm32f0xx_hal_tim.o
HAL_TIM_OnePulse_MspInit                          obj/Release/Drivers/STM32F0xx_HAL_Driver/Src/stm32f0xx_hal_tim.o
HAL_TIM_OnePulse_Start                            obj/Release/Drivers/STM32F0xx_HAL_Driver/Src/stm32f0xx_hal_tim.o
HAL_TIM_OnePulse_Start_IT                         obj/Release/Drivers/STM32F0xx_HAL_Driver/Src/stm32f0xx_hal_tim.o
HAL_TIM_OnePulse_Stop                             obj/Release/Drivers/STM32F0xx_HAL_Driver/Src/stm32f0xx_hal_tim.o
HAL_TIM_OnePulse_Stop_IT                          obj/Release/Drivers/STM32F0xx_HAL_Driver/Src/stm32f0xx_hal_tim.o
HAL_TIM_PWM_ConfigChannel                         obj/Release/Drivers/STM32F0xx_HAL_Driver/Src/stm32f0xx_hal_tim.o
HAL_TIM_PWM_DeInit                                obj/Release/Drivers/STM32F0xx_HAL_Driver/Src/stm32f0xx_hal_tim.o
HAL_TIM_PWM_GetState                              obj/Release/Drivers/STM32F0xx_HAL_Driver/Src/stm32f0xx_hal_tim.o
HAL_TIM_PWM_Init                                  obj/Release/Drivers/STM32F0xx_HAL_Driver/Src/stm32f0xx_hal_tim.o
HAL_TIM_PWM_MspDeInit                             obj/Release/Drivers/STM32F0xx_HAL_Driver/Src/stm32f0xx_hal_tim.o
HAL_TIM_PWM_MspInit                               obj/Release/Drivers/STM32F0xx_HAL_Driver/Src/stm32f0xx_hal_tim.o
HAL_TIM_PWM_PulseFinishedCallback                 obj/Release/Drivers/STM32F0xx_HAL_Driver/Src/stm32f0xx_hal_tim.o
HAL_TIM_PWM_Start                                 obj/Release/Drivers/STM32F0xx_HAL_Driver/Src/stm32f0xx_hal_tim.o
HAL_TIM_PWM_Start_DMA                             obj/Release/Drivers/STM32F0xx_HAL_Driver/Src/stm32f0xx_hal_tim.o
HAL_TIM_PWM_Start_IT                              obj/Release/Drivers/STM32F0xx_HAL_Driver/Src/stm32f0xx_hal_tim.o
HAL_TIM_PWM_Stop                                  obj/Release/Drivers/STM32F0xx_HAL_Driver/Src/stm32f0xx_hal_tim.o
HAL_TIM_PWM_Stop_DMA                              obj/Release/Drivers/STM32F0xx_HAL_Driver/Src/stm32f0xx_hal_tim.o
HAL_TIM_PWM_Stop_IT                               obj/Release/Drivers/STM32F0xx_HAL_Driver/Src/stm32f0xx_hal_tim.o
HAL_TIM_PeriodElapsedCallback                     obj/Release/Drivers/STM32F0xx_HAL_Driver/Src/stm32f0xx_hal_tim.o
HAL_TIM_ReadCapturedValue                         obj/Release/Drivers/STM32F0xx_HAL_Driver/Src/stm32f0xx_hal_tim.o
HAL_TIM_SlaveConfigSynchronization                obj/Release/Drivers/STM32F0xx_HAL_Driver/Src/stm32f0xx_hal_tim.o
HAL_TIM_SlaveConfigSynchronization_IT             obj/Release/Drivers/STM32F0xx_HAL_Driver/Src/stm32f0xx_hal_tim.o
HAL_TIM_TriggerCallback                           obj/Release/Drivers/STM32F0xx_HAL_Driver/Src/stm32f0xx_hal_tim.o
HAL_UART_DMAPause                                 obj/Release/Drivers/STM32F0xx_HAL_Driver/Src/stm32f0xx_hal_uart.o
HAL_UART_DMAResume                                obj/Release/Drivers/STM32F0xx_HAL_Driver/Src/stm32f0xx_hal_uart.o
HAL_UART_DMAStop                                  obj/Release/Drivers/STM32F0xx_HAL_Driver/Src/stm32f0xx_hal_uart.o
HAL_UART_DeInit                                   obj/Release/Drivers/STM32F0xx_HAL_Driver/Src/stm32f0xx_hal_uart.o
HAL_UART_ErrorCallback                            obj/Release/Drivers/STM32F0xx_HAL_Driver/Src/stm32f0xx_hal_uart.o
                                                  obj/Release/Drivers/STM32F0xx_HAL_Driver/Src/stm32f0xx_hal_uart_ex.o
HAL_UART_GetError                                 obj/Release/Drivers/STM32F0xx_HAL_Driver/Src/stm32f0xx_hal_uart.o
HAL_UART_GetState                                 obj/Release/Drivers/STM32F0xx_HAL_Driver/Src/stm32f0xx_hal_uart.o
HAL_UART_IRQHandler                               obj/Release/Drivers/STM32F0xx_HAL_Driver/Src/stm32f0xx_hal_uart_ex.o
HAL_UART_Init                                     obj/Release/Drivers/STM32F0xx_HAL_Driver/Src/stm32f0xx_hal_uart.o
HAL_UART_MspDeInit                                obj/Release/Drivers/STM32F0xx_HAL_Driver/Src/stm32f0xx_hal_uart.o
HAL_UART_MspInit                                  obj/Release/Drivers/STM32F0xx_HAL_Driver/Src/stm32f0xx_hal_uart.o
HAL_UART_Receive                                  obj/Release/Drivers/STM32F0xx_HAL_Driver/Src/stm32f0xx_hal_uart.o
HAL_UART_Receive_DMA                              obj/Release/Drivers/STM32F0xx_HAL_Driver/Src/stm32f0xx_hal_uart.o
HAL_UART_Receive_IT                               obj/Release/Drivers/STM32F0xx_HAL_Driver/Src/stm32f0xx_hal_uart.o
HAL_UART_RxCpltCallback                           obj/Release/Drivers/STM32F0xx_HAL_Driver/Src/stm32f0xx_hal_uart.o
HAL_UART_RxHalfCpltCallback                       obj/Release/Drivers/STM32F0xx_HAL_Driver/Src/stm32f0xx_hal_uart.o
HAL_UART_Transmit                                 obj/Release/Drivers/STM32F0xx_HAL_Driver/Src/stm32f0xx_hal_uart.o
HAL_UART_Transmit_DMA                             obj/Release/Drivers/STM32F0xx_HAL_Driver/Src/stm32f0xx_hal_uart.o
HAL_UART_Transmit_IT                              obj/Release/Drivers/STM32F0xx_HAL_Driver/Src/stm32f0xx_hal_uart.o
HAL_UART_TxCpltCallback                           obj/Release/Drivers/STM32F0xx_HAL_Driver/Src/stm32f0xx_hal_uart.o
                                                  obj/Release/Drivers/STM32F0xx_HAL_Driver/Src/stm32f0xx_hal_uart_ex.o
HAL_UART_TxHalfCpltCallback                       obj/Release/Drivers/STM32F0xx_HAL_Driver/Src/stm32f0xx_hal_uart.o
HAL_USART_DMAPause                                obj/Release/Drivers/STM32F0xx_HAL_Driver/Src/stm32f0xx_hal_usart.o
HAL_USART_DMAResume                               obj/Release/Drivers/STM32F0xx_HAL_Driver/Src/stm32f0xx_hal_usart.o
HAL_USART_DMAStop                                 obj/Release/Drivers/STM32F0xx_HAL_Driver/Src/stm32f0xx_hal_usart.o
HAL_USART_DeInit                                  obj/Release/Drivers/STM32F0xx_HAL_Driver/Src/stm32f0xx_hal_usart.o
HAL_USART_ErrorCallback                           obj/Release/Drivers/STM32F0xx_HAL_Driver/Src/stm32f0xx_hal_usart.o
HAL_USART_GetError                                obj/Release/Drivers/STM32F0xx_HAL_Driver/Src/stm32f0xx_hal_usart.o
HAL_USART_GetState                                obj/Release/Drivers/STM32F0xx_HAL_Driver/Src/stm32f0xx_hal_usart.o
HAL_USART_IRQHandler                              obj/Release/Drivers/STM32F0xx_HAL_Driver/Src/stm32f0xx_hal_usart.o
HAL_USART_Init                                    obj/Release/Drivers/STM32F0xx_HAL_Driver/Src/stm32f0xx_hal_usart.o
HAL_USART_MspDeInit                               obj/Release/Drivers/STM32F0xx_HAL_Driver/Src/stm32f0xx_hal_usart.o
HAL_USART_MspInit                                 obj/Release/Drivers/STM32F0xx_HAL_Driver/Src/stm32f0xx_hal_usart.o
HAL_USART_Receive                                 obj/Release/Drivers/STM32F0xx_HAL_Driver/Src/stm32f0xx_hal_usart.o
HAL_USART_Receive_DMA                             obj/Release/Drivers/STM32F0xx_HAL_Driver/Src/stm32f0xx_hal_usart.o
HAL_USART_Receive_IT                              obj/Release/Drivers/STM32F0xx_HAL_Driver/Src/stm32f0xx_hal_usart.o
HAL_USART_RxCpltCallback                          obj/Release/Drivers/STM32F0xx_HAL_Driver/Src/stm32f0xx_hal_usart.o
HAL_USART_RxHalfCpltCallback                      obj/Release/Drivers/STM32F0xx_HAL_Driver/Src/stm32f0xx_hal_usart.o
HAL_USART_Transmit                                obj/Release/Drivers/STM32F0xx_HAL_Driver/Src/stm32f0xx_hal_usart.o
HAL_USART_TransmitReceive                         obj/Release/Drivers/STM32F0xx_HAL_Driver/Src/stm32f0xx_hal_usart.o
HAL_USART_TransmitReceive_DMA                     obj/Release/Drivers/STM32F0xx_HAL_Driver/Src/stm32f0xx_hal_usart.o
HAL_USART_TransmitReceive_IT                      obj/Release/Drivers/STM32F0xx_HAL_Driver/Src/stm32f0xx_hal_usart.o
HAL_USART_Transmit_DMA                            obj/Release/Drivers/STM32F0xx_HAL_Driver/Src/stm32f0xx_hal_usart.o
HAL_USART_Transmit_IT                             obj/Release/Drivers/STM32F0xx_HAL_Driver/Src/stm32f0xx_hal_usart.o
HAL_USART_TxCpltCallback                          obj/Release/Drivers/STM32F0xx_HAL_Driver/Src/stm32f0xx_hal_usart.o
HAL_USART_TxHalfCpltCallback                      obj/Release/Drivers/STM32F0xx_HAL_Driver/Src/stm32f0xx_hal_usart.o
HAL_USART_TxRxCpltCallback                        obj/Release/Drivers/STM32F0xx_HAL_Driver/Src/stm32f0xx_hal_usart.o
HAL_WWDG_DeInit                                   obj/Release/Drivers/STM32F0xx_HAL_Driver/Src/stm32f0xx_hal_wwdg.o
HAL_WWDG_GetState                                 obj/Release/Drivers/STM32F0xx_HAL_Driver/Src/stm32f0xx_hal_wwdg.o
HAL_WWDG_IRQHandler                               obj/Release/Drivers/STM32F0xx_HAL_Driver/Src/stm32f0xx_hal_wwdg.o
HAL_WWDG_Init                                     obj/Release/Drivers/STM32F0xx_HAL_Driver/Src/stm32f0xx_hal_wwdg.o
HAL_WWDG_MspDeInit                                obj/Release/Drivers/STM32F0xx_HAL_Driver/Src/stm32f0xx_hal_wwdg.o
HAL_WWDG_MspInit                                  obj/Release/Drivers/STM32F0xx_HAL_Driver/Src/stm32f0xx_hal_wwdg.o
HAL_WWDG_Refresh                                  obj/Release/Drivers/STM32F0xx_HAL_Driver/Src/stm32f0xx_hal_wwdg.o
HAL_WWDG_Start                                    obj/Release/Drivers/STM32F0xx_HAL_Driver/Src/stm32f0xx_hal_wwdg.o
HAL_WWDG_Start_IT                                 obj/Release/Drivers/STM32F0xx_HAL_Driver/Src/stm32f0xx_hal_wwdg.o
HAL_WWDG_WakeupCallback                           obj/Release/Drivers/STM32F0xx_HAL_Driver/Src/stm32f0xx_hal_wwdg.o
HardFault_Handler                                 obj/Release/STM32/Src/vectors.o
HardFault_HandlerC                                obj/Release/STM32/Src/vectors.o
MemManage_Handler                                 obj/Release/STM32/Src/vectors.o
NMI_Handler                                       obj/Release/STM32/Src/stm32f0xx_it.o
PLLMULFactorTable                                 obj/Release/Drivers/STM32F0xx_HAL_Driver/Src/stm32f0xx_hal_rcc_ex.o
PendSV_Handler                                    obj/Release/STM32/Src/stm32f0xx_it.o
PredivFactorTable                                 obj/Release/Drivers/STM32F0xx_HAL_Driver/Src/stm32f0xx_hal_rcc_ex.o
RTC_Bcd2ToByte                                    obj/Release/Drivers/STM32F0xx_HAL_Driver/Src/stm32f0xx_hal_rtc.o
                                                  obj/Release/Drivers/STM32F0xx_HAL_Driver/Src/stm32f0xx_hal_rtc_ex.o
RTC_ByteToBcd2                                    obj/Release/Drivers/STM32F0xx_HAL_Driver/Src/stm32f0xx_hal_rtc.o
RTC_EnterInitMode                                 obj/Release/Drivers/STM32F0xx_HAL_Driver/Src/stm32f0xx_hal_rtc.o
                                                  obj/Release/Drivers/STM32F0xx_HAL_Driver/Src/stm32f0xx_hal_rtc_ex.o
Reset_Handler                                     obj/Release/Drivers/CMSIS/Device/ST/STM32F0xx/Source/Templates/gcc/startup_stm32f030x8.o
                                                  obj/Release/STM32/Src/vectors.o
SVC_Handler                                       obj/Release/STM32/Src/stm32f0xx_it.o
SysTick_Handler                                   obj/Release/STM32/Src/stm32f0xx_it.o
SystemCoreClock                                   obj/Release/STM32/Src/system_stm32f0xx.o
                                                  obj/Release/Drivers/STM32F0xx_HAL_Driver/Src/stm32f0xx_hal_rcc.o
SystemCoreClockUpdate                             obj/Release/STM32/Src/system_stm32f0xx.o
SystemInit                                        obj/Release/STM32/Src/system_stm32f0xx.o
                                                  obj/Release/Drivers/CMSIS/Device/ST/STM32F0xx/Source/Templates/gcc/startup_stm32f030x8.o
TIM_Base_SetConfig                                obj/Release/Drivers/STM32F0xx_HAL_Driver/Src/stm32f0xx_hal_tim.o
                                                  obj/Release/Drivers/STM32F0xx_HAL_Driver/Src/stm32f0xx_hal_tim_ex.o
TIM_CCxChannelCmd                                 obj/Release/Drivers/STM32F0xx_HAL_Driver/Src/stm32f0xx_hal_tim.o
                                                  obj/Release/Drivers/STM32F0xx_HAL_Driver/Src/stm32f0xx_hal_tim_ex.o
TIM_OC2_SetConfig                                 obj/Release/Drivers/STM32F0xx_HAL_Driver/Src/stm32f0xx_hal_tim.o
                                                  obj/Release/Drivers/STM32F0xx_HAL_Driver/Src/stm32f0xx_hal_tim_ex.o
TIM_TI1_SetConfig                                 obj/Release/Drivers/STM32F0xx_HAL_Driver/Src/stm32f0xx_hal_tim.o
                                                  obj/Release/Drivers/STM32F0xx_HAL_Driver/Src/stm32f0xx_hal_tim_ex.o
UART_AdvFeatureConfig                             obj/Release/Drivers/STM32F0xx_HAL_Driver/Src/stm32f0xx_hal_uart.o
UART_CheckIdleState                               obj/Release/Drivers/STM32F0xx_HAL_Driver/Src/stm32f0xx_hal_uart.o
                                                  obj/Release/Drivers/STM32F0xx_HAL_Driver/Src/stm32f0xx_hal_uart_ex.o
UART_Receive_IT                                   obj/Release/Drivers/STM32F0xx_HAL_Driver/Src/stm32f0xx_hal_uart.o
                                                  obj/Release/Drivers/STM32F0xx_HAL_Driver/Src/stm32f0xx_hal_uart_ex.o
UART_SetConfig                                    obj/Release/Drivers/STM32F0xx_HAL_Driver/Src/stm32f0xx_hal_uart.o
UART_Transmit_IT                                  obj/Release/Drivers/STM32F0xx_HAL_Driver/Src/stm32f0xx_hal_uart.o
                                                  obj/Release/Drivers/STM32F0xx_HAL_Driver/Src/stm32f0xx_hal_uart_ex.o
UART_WaitOnFlagUntilTimeout                       obj/Release/Drivers/STM32F0xx_HAL_Driver/Src/stm32f0xx_hal_uart.o
UsageFault_Handler                                obj/Release/STM32/Src/vectors.o
__aeabi_idiv0                                     /usr/lib/gcc/arm-none-eabi/4.9.2/armv6-m/libgcc.a(_dvmd_tls.o)
                                                  /usr/lib/gcc/arm-none-eabi/4.9.2/armv6-m/libgcc.a(_udivsi3.o)
__aeabi_ldiv0                                     /usr/lib/gcc/arm-none-eabi/4.9.2/armv6-m/libgcc.a(_dvmd_tls.o)
__aeabi_uidiv                                     /usr/lib/gcc/arm-none-eabi/4.9.2/armv6-m/libgcc.a(_udivsi3.o)
                                                  obj/Release/STM32/Src/system_stm32f0xx.o
                                                  obj/Release/Drivers/STM32F0xx_HAL_Driver/Src/stm32f0xx_hal_usart.o
                                                  obj/Release/Drivers/STM32F0xx_HAL_Driver/Src/stm32f0xx_hal_uart.o
                                                  obj/Release/Drivers/STM32F0xx_HAL_Driver/Src/stm32f0xx_hal_rcc_ex.o
                                                  obj/Release/Drivers/STM32F0xx_HAL_Driver/Src/stm32f0xx_hal.o
__aeabi_uidivmod                                  /usr/lib/gcc/arm-none-eabi/4.9.2/armv6-m/libgcc.a(_udivsi3.o)
__udivsi3                                         /usr/lib/gcc/arm-none-eabi/4.9.2/armv6-m/libgcc.a(_udivsi3.o)
_ebss                                             obj/Release/Drivers/CMSIS/Device/ST/STM32F0xx/Source/Templates/gcc/startup_stm32f030x8.o
_edata                                            obj/Release/Drivers/CMSIS/Device/ST/STM32F0xx/Source/Templates/gcc/startup_stm32f030x8.o
_estack                                           obj/Release/STM32/Src/vectors.o
                                                  obj/Release/Drivers/CMSIS/Device/ST/STM32F0xx/Source/Templates/gcc/startup_stm32f030x8.o
_sbss                                             obj/Release/Drivers/CMSIS/Device/ST/STM32F0xx/Source/Templates/gcc/startup_stm32f030x8.o
_sdata                                            obj/Release/Drivers/CMSIS/Device/ST/STM32F0xx/Source/Templates/gcc/startup_stm32f030x8.o
_sidata                                           obj/Release/Drivers/CMSIS/Device/ST/STM32F0xx/Source/Templates/gcc/startup_stm32f030x8.o
exit                                              obj/Release/STM32/Src/main.o
g_pfnVectors                                      obj/Release/STM32/Src/vectors.o
main                                              obj/Release/STM32/Src/main.o
                                                  obj/Release/Drivers/CMSIS/Device/ST/STM32F0xx/Source/Templates/gcc/startup_stm32f030x8.o
pFlash                                            obj/Release/Drivers/STM32F0xx_HAL_Driver/Src/stm32f0xx_hal_flash.o
                                                  obj/Release/Drivers/STM32F0xx_HAL_Driver/Src/stm32f0xx_hal_flash_ex.o
